<?xml version="1.0" encoding="ISO-8859-1" ?>
<link_info>
   <banner>TI ARM Clang Linker PC v3.2.0.LTS</banner>
   <copyright>Copyright (c) 1996-2018 Texas Instruments Incorporated</copyright>
   <link_time>0x66272b32</link_time>
   <link_errors>0x0</link_errors>
   <output_file>C:\Users\mjadd\workspace_v12\gpiointerrupt_CC3220S_LAUNCHXL_nortos_ticlang\MCU+Image\gpiointerrupt_CC3220S_LAUNCHXL_nortos_ticlang.out</output_file>
   <entry_point>
      <name>resetISR</name>
      <address>0x20011159</address>
   </entry_point>
   <input_file_list>
      <input_file id="fl-1">
         <path>C:\Users\mjadd\workspace_v12\gpiointerrupt_CC3220S_LAUNCHXL_nortos_ticlang\MCU+Image\.\</path>
         <kind>object</kind>
         <file>gpiointerrupt.o</file>
         <name>gpiointerrupt.o</name>
      </input_file>
      <input_file id="fl-2">
         <path>C:\Users\mjadd\workspace_v12\gpiointerrupt_CC3220S_LAUNCHXL_nortos_ticlang\MCU+Image\.\syscfg\</path>
         <kind>object</kind>
         <file>ti_drivers_config.o</file>
         <name>ti_drivers_config.o</name>
      </input_file>
      <input_file id="fl-3">
         <path>C:\Users\mjadd\workspace_v12\gpiointerrupt_CC3220S_LAUNCHXL_nortos_ticlang\MCU+Image\.\</path>
         <kind>object</kind>
         <file>main_nortos.o</file>
         <name>main_nortos.o</name>
      </input_file>
      <input_file id="fl-13">
         <path>C:\Users\mjadd\workspace_v12\gpiointerrupt_CC3220S_LAUNCHXL_nortos_ticlang\MCU+Image\</path>
         <kind>object</kind>
         <file>&lt;internal&gt;</file>
         <name>&lt;internal&gt;</name>
      </input_file>
      <input_file id="fl-14">
         <path>C:\ti\simplelink_cc32xx_sdk_7_10_00_13\source\ti\drivers\lib\ticlang\m4\</path>
         <kind>archive</kind>
         <file>drivers_cc32xx.a</file>
         <name>GPIO.c.obj</name>
      </input_file>
      <input_file id="fl-15">
         <path>C:\ti\simplelink_cc32xx_sdk_7_10_00_13\source\ti\drivers\lib\ticlang\m4\</path>
         <kind>archive</kind>
         <file>drivers_cc32xx.a</file>
         <name>GPIOCC32XX.c.obj</name>
      </input_file>
      <input_file id="fl-16">
         <path>C:\ti\simplelink_cc32xx_sdk_7_10_00_13\source\ti\drivers\lib\ticlang\m4\</path>
         <kind>archive</kind>
         <file>drivers_cc32xx.a</file>
         <name>I2C.c.obj</name>
      </input_file>
      <input_file id="fl-17">
         <path>C:\ti\simplelink_cc32xx_sdk_7_10_00_13\source\ti\drivers\lib\ticlang\m4\</path>
         <kind>archive</kind>
         <file>drivers_cc32xx.a</file>
         <name>I2CCC32XX.c.obj</name>
      </input_file>
      <input_file id="fl-18">
         <path>C:\ti\simplelink_cc32xx_sdk_7_10_00_13\source\ti\drivers\lib\ticlang\m4\</path>
         <kind>archive</kind>
         <file>drivers_cc32xx.a</file>
         <name>PowerCC32XX.c.obj</name>
      </input_file>
      <input_file id="fl-19">
         <path>C:\ti\simplelink_cc32xx_sdk_7_10_00_13\source\ti\drivers\lib\ticlang\m4\</path>
         <kind>archive</kind>
         <file>drivers_cc32xx.a</file>
         <name>PowerCC32XX_ticlang.asm.obj</name>
      </input_file>
      <input_file id="fl-1a">
         <path>C:\ti\simplelink_cc32xx_sdk_7_10_00_13\source\ti\drivers\lib\ticlang\m4\</path>
         <kind>archive</kind>
         <file>drivers_cc32xx.a</file>
         <name>Timer.c.obj</name>
      </input_file>
      <input_file id="fl-1b">
         <path>C:\ti\simplelink_cc32xx_sdk_7_10_00_13\source\ti\drivers\lib\ticlang\m4\</path>
         <kind>archive</kind>
         <file>drivers_cc32xx.a</file>
         <name>TimerCC32XX.c.obj</name>
      </input_file>
      <input_file id="fl-1c">
         <path>C:\ti\simplelink_cc32xx_sdk_7_10_00_13\source\ti\drivers\lib\ticlang\m4\</path>
         <kind>archive</kind>
         <file>drivers_cc32xx.a</file>
         <name>UART2.c.obj</name>
      </input_file>
      <input_file id="fl-1d">
         <path>C:\ti\simplelink_cc32xx_sdk_7_10_00_13\source\ti\drivers\lib\ticlang\m4\</path>
         <kind>archive</kind>
         <file>drivers_cc32xx.a</file>
         <name>UART2CC32XX.c.obj</name>
      </input_file>
      <input_file id="fl-1e">
         <path>C:\ti\simplelink_cc32xx_sdk_7_10_00_13\source\ti\drivers\lib\ticlang\m4\</path>
         <kind>archive</kind>
         <file>drivers_cc32xx.a</file>
         <name>List.c.obj</name>
      </input_file>
      <input_file id="fl-1f">
         <path>C:\ti\simplelink_cc32xx_sdk_7_10_00_13\source\ti\drivers\lib\ticlang\m4\</path>
         <kind>archive</kind>
         <file>drivers_cc32xx.a</file>
         <name>RingBuf.c.obj</name>
      </input_file>
      <input_file id="fl-20">
         <path>C:\ti\simplelink_cc32xx_sdk_7_10_00_13\source\ti\drivers\lib\ticlang\m4\</path>
         <kind>archive</kind>
         <file>drivers_cc32xx.a</file>
         <name>UDMACC32XX.c.obj</name>
      </input_file>
      <input_file id="fl-21">
         <path>C:\ti\simplelink_cc32xx_sdk_7_10_00_13\kernel\nortos\lib\ticlang\m4\</path>
         <kind>archive</kind>
         <file>nortos_cc32xx.a</file>
         <name>NoRTOS.c.obj</name>
      </input_file>
      <input_file id="fl-22">
         <path>C:\ti\simplelink_cc32xx_sdk_7_10_00_13\kernel\nortos\lib\ticlang\m4\</path>
         <kind>archive</kind>
         <file>nortos_cc32xx.a</file>
         <name>SemaphoreP_nortos.c.obj</name>
      </input_file>
      <input_file id="fl-23">
         <path>C:\ti\simplelink_cc32xx_sdk_7_10_00_13\kernel\nortos\lib\ticlang\m4\</path>
         <kind>archive</kind>
         <file>nortos_cc32xx.a</file>
         <name>ClockPSysTick_nortos.c.obj</name>
      </input_file>
      <input_file id="fl-24">
         <path>C:\ti\simplelink_cc32xx_sdk_7_10_00_13\kernel\nortos\lib\ticlang\m4\</path>
         <kind>archive</kind>
         <file>nortos_cc32xx.a</file>
         <name>HwiPCC32XX_nortos.c.obj</name>
      </input_file>
      <input_file id="fl-25">
         <path>C:\ti\simplelink_cc32xx_sdk_7_10_00_13\kernel\nortos\lib\ticlang\m4\</path>
         <kind>archive</kind>
         <file>nortos_cc32xx.a</file>
         <name>PowerCC32XX_nortos.c.obj</name>
      </input_file>
      <input_file id="fl-26">
         <path>C:\ti\simplelink_cc32xx_sdk_7_10_00_13\kernel\nortos\lib\ticlang\m4\</path>
         <kind>archive</kind>
         <file>nortos_cc32xx.a</file>
         <name>startup_cc32xx_ticlang.c.obj</name>
      </input_file>
      <input_file id="fl-27">
         <path>C:\ti\simplelink_cc32xx_sdk_7_10_00_13\kernel\nortos\lib\ticlang\m4\</path>
         <kind>archive</kind>
         <file>nortos_cc32xx.a</file>
         <name>SwiP_nortos.c.obj</name>
      </input_file>
      <input_file id="fl-28">
         <path>C:\ti\simplelink_cc32xx_sdk_7_10_00_13\source\ti\devices\cc32xx\driverlib\ticlang\Release\</path>
         <kind>archive</kind>
         <file>driverlib.a</file>
         <name>cpu.obj</name>
      </input_file>
      <input_file id="fl-29">
         <path>C:\ti\simplelink_cc32xx_sdk_7_10_00_13\source\ti\devices\cc32xx\driverlib\ticlang\Release\</path>
         <kind>archive</kind>
         <file>driverlib.a</file>
         <name>gpio.obj</name>
      </input_file>
      <input_file id="fl-2a">
         <path>C:\ti\simplelink_cc32xx_sdk_7_10_00_13\source\ti\devices\cc32xx\driverlib\ticlang\Release\</path>
         <kind>archive</kind>
         <file>driverlib.a</file>
         <name>hwspinlock.obj</name>
      </input_file>
      <input_file id="fl-2b">
         <path>C:\ti\simplelink_cc32xx_sdk_7_10_00_13\source\ti\devices\cc32xx\driverlib\ticlang\Release\</path>
         <kind>archive</kind>
         <file>driverlib.a</file>
         <name>i2c.obj</name>
      </input_file>
      <input_file id="fl-2c">
         <path>C:\ti\simplelink_cc32xx_sdk_7_10_00_13\source\ti\devices\cc32xx\driverlib\ticlang\Release\</path>
         <kind>archive</kind>
         <file>driverlib.a</file>
         <name>interrupt.obj</name>
      </input_file>
      <input_file id="fl-2d">
         <path>C:\ti\simplelink_cc32xx_sdk_7_10_00_13\source\ti\devices\cc32xx\driverlib\ticlang\Release\</path>
         <kind>archive</kind>
         <file>driverlib.a</file>
         <name>pin.obj</name>
      </input_file>
      <input_file id="fl-2e">
         <path>C:\ti\simplelink_cc32xx_sdk_7_10_00_13\source\ti\devices\cc32xx\driverlib\ticlang\Release\</path>
         <kind>archive</kind>
         <file>driverlib.a</file>
         <name>prcm.obj</name>
      </input_file>
      <input_file id="fl-2f">
         <path>C:\ti\simplelink_cc32xx_sdk_7_10_00_13\source\ti\devices\cc32xx\driverlib\ticlang\Release\</path>
         <kind>archive</kind>
         <file>driverlib.a</file>
         <name>spi.obj</name>
      </input_file>
      <input_file id="fl-30">
         <path>C:\ti\simplelink_cc32xx_sdk_7_10_00_13\source\ti\devices\cc32xx\driverlib\ticlang\Release\</path>
         <kind>archive</kind>
         <file>driverlib.a</file>
         <name>systick.obj</name>
      </input_file>
      <input_file id="fl-31">
         <path>C:\ti\simplelink_cc32xx_sdk_7_10_00_13\source\ti\devices\cc32xx\driverlib\ticlang\Release\</path>
         <kind>archive</kind>
         <file>driverlib.a</file>
         <name>timer.obj</name>
      </input_file>
      <input_file id="fl-32">
         <path>C:\ti\simplelink_cc32xx_sdk_7_10_00_13\source\ti\devices\cc32xx\driverlib\ticlang\Release\</path>
         <kind>archive</kind>
         <file>driverlib.a</file>
         <name>uart.obj</name>
      </input_file>
      <input_file id="fl-33">
         <path>C:\ti\simplelink_cc32xx_sdk_7_10_00_13\source\ti\devices\cc32xx\driverlib\ticlang\Release\</path>
         <kind>archive</kind>
         <file>driverlib.a</file>
         <name>udma.obj</name>
      </input_file>
      <input_file id="fl-34">
         <path>C:\ti\simplelink_cc32xx_sdk_7_10_00_13\source\ti\devices\cc32xx\driverlib\ticlang\Release\</path>
         <kind>archive</kind>
         <file>driverlib.a</file>
         <name>utils.obj</name>
      </input_file>
      <input_file id="fl-35">
         <path>C:\ti\simplelink_cc32xx_sdk_7_10_00_13\source\ti\devices\cc32xx\driverlib\ticlang\Release\</path>
         <kind>archive</kind>
         <file>driverlib.a</file>
         <name>flash.obj</name>
      </input_file>
      <input_file id="fl-42">
         <path>C:\ti\ccs1250\ccs\tools\compiler\ti-cgt-armllvm_3.2.0.LTS\lib\armv7em-ti-none-eabi\c\</path>
         <kind>archive</kind>
         <file>libc.a</file>
         <name>printf.c.obj</name>
      </input_file>
      <input_file id="fl-43">
         <path>C:\ti\ccs1250\ccs\tools\compiler\ti-cgt-armllvm_3.2.0.LTS\lib\armv7em-ti-none-eabi\c\</path>
         <kind>archive</kind>
         <file>libc.a</file>
         <name>_printfi.c.obj</name>
      </input_file>
      <input_file id="fl-44">
         <path>C:\ti\ccs1250\ccs\tools\compiler\ti-cgt-armllvm_3.2.0.LTS\lib\armv7em-ti-none-eabi\c\</path>
         <kind>archive</kind>
         <file>libc.a</file>
         <name>fputc.c.obj</name>
      </input_file>
      <input_file id="fl-45">
         <path>C:\ti\ccs1250\ccs\tools\compiler\ti-cgt-armllvm_3.2.0.LTS\lib\armv7em-ti-none-eabi\c\</path>
         <kind>archive</kind>
         <file>libc.a</file>
         <name>fputs.c.obj</name>
      </input_file>
      <input_file id="fl-46">
         <path>C:\ti\ccs1250\ccs\tools\compiler\ti-cgt-armllvm_3.2.0.LTS\lib\armv7em-ti-none-eabi\c\</path>
         <kind>archive</kind>
         <file>libc.a</file>
         <name>_io_perm.c.obj</name>
      </input_file>
      <input_file id="fl-47">
         <path>C:\ti\ccs1250\ccs\tools\compiler\ti-cgt-armllvm_3.2.0.LTS\lib\armv7em-ti-none-eabi\c\</path>
         <kind>archive</kind>
         <file>libc.a</file>
         <name>setvbuf.c.obj</name>
      </input_file>
      <input_file id="fl-48">
         <path>C:\ti\ccs1250\ccs\tools\compiler\ti-cgt-armllvm_3.2.0.LTS\lib\armv7em-ti-none-eabi\c\</path>
         <kind>archive</kind>
         <file>libc.a</file>
         <name>wcslen.c.obj</name>
      </input_file>
      <input_file id="fl-49">
         <path>C:\ti\ccs1250\ccs\tools\compiler\ti-cgt-armllvm_3.2.0.LTS\lib\armv7em-ti-none-eabi\c\</path>
         <kind>archive</kind>
         <file>libc.a</file>
         <name>aeabi_portable.c.obj</name>
      </input_file>
      <input_file id="fl-4a">
         <path>C:\ti\ccs1250\ccs\tools\compiler\ti-cgt-armllvm_3.2.0.LTS\lib\armv7em-ti-none-eabi\c\</path>
         <kind>archive</kind>
         <file>libc.a</file>
         <name>exit.c.obj</name>
      </input_file>
      <input_file id="fl-4b">
         <path>C:\ti\ccs1250\ccs\tools\compiler\ti-cgt-armllvm_3.2.0.LTS\lib\armv7em-ti-none-eabi\c\</path>
         <kind>archive</kind>
         <file>libc.a</file>
         <name>_lock.c.obj</name>
      </input_file>
      <input_file id="fl-4c">
         <path>C:\ti\ccs1250\ccs\tools\compiler\ti-cgt-armllvm_3.2.0.LTS\lib\armv7em-ti-none-eabi\c\</path>
         <kind>archive</kind>
         <file>libc.a</file>
         <name>_ltoa.c.obj</name>
      </input_file>
      <input_file id="fl-4d">
         <path>C:\ti\ccs1250\ccs\tools\compiler\ti-cgt-armllvm_3.2.0.LTS\lib\armv7em-ti-none-eabi\c\</path>
         <kind>archive</kind>
         <file>libc.a</file>
         <name>assert.c.obj</name>
      </input_file>
      <input_file id="fl-4e">
         <path>C:\ti\ccs1250\ccs\tools\compiler\ti-cgt-armllvm_3.2.0.LTS\lib\armv7em-ti-none-eabi\c\</path>
         <kind>archive</kind>
         <file>libc.a</file>
         <name>atoi.c.obj</name>
      </input_file>
      <input_file id="fl-4f">
         <path>C:\ti\ccs1250\ccs\tools\compiler\ti-cgt-armllvm_3.2.0.LTS\lib\armv7em-ti-none-eabi\c\</path>
         <kind>archive</kind>
         <file>libc.a</file>
         <name>defs.c.obj</name>
      </input_file>
      <input_file id="fl-50">
         <path>C:\ti\ccs1250\ccs\tools\compiler\ti-cgt-armllvm_3.2.0.LTS\lib\armv7em-ti-none-eabi\c\</path>
         <kind>archive</kind>
         <file>libc.a</file>
         <name>memccpy.c.obj</name>
      </input_file>
      <input_file id="fl-51">
         <path>C:\ti\ccs1250\ccs\tools\compiler\ti-cgt-armllvm_3.2.0.LTS\lib\armv7em-ti-none-eabi\c\</path>
         <kind>archive</kind>
         <file>libc.a</file>
         <name>memory.c.obj</name>
      </input_file>
      <input_file id="fl-52">
         <path>C:\ti\ccs1250\ccs\tools\compiler\ti-cgt-armllvm_3.2.0.LTS\lib\armv7em-ti-none-eabi\c\</path>
         <kind>archive</kind>
         <file>libc.a</file>
         <name>boot_cortex_m.c.obj</name>
      </input_file>
      <input_file id="fl-53">
         <path>C:\ti\ccs1250\ccs\tools\compiler\ti-cgt-armllvm_3.2.0.LTS\lib\armv7em-ti-none-eabi\c\</path>
         <kind>archive</kind>
         <file>libc.a</file>
         <name>mathacl_init.c.obj</name>
      </input_file>
      <input_file id="fl-54">
         <path>C:\ti\ccs1250\ccs\tools\compiler\ti-cgt-armllvm_3.2.0.LTS\lib\armv7em-ti-none-eabi\c\</path>
         <kind>archive</kind>
         <file>libc.a</file>
         <name>autoinit.c.obj</name>
      </input_file>
      <input_file id="fl-55">
         <path>C:\ti\ccs1250\ccs\tools\compiler\ti-cgt-armllvm_3.2.0.LTS\lib\armv7em-ti-none-eabi\c\</path>
         <kind>archive</kind>
         <file>libc.a</file>
         <name>pre_init.c.obj</name>
      </input_file>
      <input_file id="fl-56">
         <path>C:\ti\ccs1250\ccs\tools\compiler\ti-cgt-armllvm_3.2.0.LTS\lib\armv7em-ti-none-eabi\c\</path>
         <kind>archive</kind>
         <file>libc.a</file>
         <name>cpy_tbl.c.obj</name>
      </input_file>
      <input_file id="fl-57">
         <path>C:\ti\ccs1250\ccs\tools\compiler\ti-cgt-armllvm_3.2.0.LTS\lib\armv7em-ti-none-eabi\c\</path>
         <kind>archive</kind>
         <file>libc.a</file>
         <name>copy_zero_init.c.obj</name>
      </input_file>
      <input_file id="fl-58">
         <path>C:\ti\ccs1250\ccs\tools\compiler\ti-cgt-armllvm_3.2.0.LTS\lib\armv7em-ti-none-eabi\c\</path>
         <kind>archive</kind>
         <file>libc.a</file>
         <name>copy_decompress_none.c.obj</name>
      </input_file>
      <input_file id="fl-59">
         <path>C:\ti\ccs1250\ccs\tools\compiler\ti-cgt-armllvm_3.2.0.LTS\lib\armv7em-ti-none-eabi\c\</path>
         <kind>archive</kind>
         <file>libc.a</file>
         <name>copy_decompress_lzss.c.obj</name>
      </input_file>
      <input_file id="fl-5a">
         <path>C:\ti\ccs1250\ccs\tools\compiler\ti-cgt-armllvm_3.2.0.LTS\lib\armv7em-ti-none-eabi\c\</path>
         <kind>archive</kind>
         <file>libc.a</file>
         <name>s_frexp.c.obj</name>
      </input_file>
      <input_file id="fl-5b">
         <path>C:\ti\ccs1250\ccs\tools\compiler\ti-cgt-armllvm_3.2.0.LTS\lib\armv7em-ti-none-eabi\c\</path>
         <kind>archive</kind>
         <file>libc.a</file>
         <name>s_scalbn.c.obj</name>
      </input_file>
      <input_file id="fl-5c">
         <path>C:\ti\ccs1250\ccs\tools\compiler\ti-cgt-armllvm_3.2.0.LTS\lib\armv7em-ti-none-eabi\c\</path>
         <kind>archive</kind>
         <file>libc.a</file>
         <name>sprintf.c.obj</name>
      </input_file>
      <input_file id="fl-5d">
         <path>C:\ti\ccs1250\ccs\tools\compiler\ti-cgt-armllvm_3.2.0.LTS\lib\armv7em-ti-none-eabi\c\</path>
         <kind>archive</kind>
         <file>libc.a</file>
         <name>fflush.c.obj</name>
      </input_file>
      <input_file id="fl-5e">
         <path>C:\ti\ccs1250\ccs\tools\compiler\ti-cgt-armllvm_3.2.0.LTS\lib\armv7em-ti-none-eabi\c\</path>
         <kind>archive</kind>
         <file>libc.a</file>
         <name>fopen.c.obj</name>
      </input_file>
      <input_file id="fl-5f">
         <path>C:\ti\ccs1250\ccs\tools\compiler\ti-cgt-armllvm_3.2.0.LTS\lib\armv7em-ti-none-eabi\c\</path>
         <kind>archive</kind>
         <file>libc.a</file>
         <name>fseek.c.obj</name>
      </input_file>
      <input_file id="fl-60">
         <path>C:\ti\ccs1250\ccs\tools\compiler\ti-cgt-armllvm_3.2.0.LTS\lib\armv7em-ti-none-eabi\c\</path>
         <kind>archive</kind>
         <file>libc.a</file>
         <name>aeabi_ctype.S.obj</name>
      </input_file>
      <input_file id="fl-61">
         <path>C:\ti\ccs1250\ccs\tools\compiler\ti-cgt-armllvm_3.2.0.LTS\lib\armv7em-ti-none-eabi\c\</path>
         <kind>archive</kind>
         <file>libc.a</file>
         <name>args_main.c.obj</name>
      </input_file>
      <input_file id="fl-62">
         <path>C:\ti\ccs1250\ccs\tools\compiler\ti-cgt-armllvm_3.2.0.LTS\lib\armv7em-ti-none-eabi\c\</path>
         <kind>archive</kind>
         <file>libc.a</file>
         <name>fclose.c.obj</name>
      </input_file>
      <input_file id="fl-c6">
         <path>C:\ti\ccs1250\ccs\tools\compiler\ti-cgt-armllvm_3.2.0.LTS\lib\armv7em-ti-none-eabi\c\</path>
         <kind>archive</kind>
         <file>libsysbm.a</file>
         <name>write.c.obj</name>
      </input_file>
      <input_file id="fl-c7">
         <path>C:\ti\ccs1250\ccs\tools\compiler\ti-cgt-armllvm_3.2.0.LTS\lib\armv7em-ti-none-eabi\c\</path>
         <kind>archive</kind>
         <file>libsysbm.a</file>
         <name>host_device.c.obj</name>
      </input_file>
      <input_file id="fl-c8">
         <path>C:\ti\ccs1250\ccs\tools\compiler\ti-cgt-armllvm_3.2.0.LTS\lib\armv7em-ti-none-eabi\c\</path>
         <kind>archive</kind>
         <file>libsysbm.a</file>
         <name>remove.c.obj</name>
      </input_file>
      <input_file id="fl-c9">
         <path>C:\ti\ccs1250\ccs\tools\compiler\ti-cgt-armllvm_3.2.0.LTS\lib\armv7em-ti-none-eabi\c\</path>
         <kind>archive</kind>
         <file>libsysbm.a</file>
         <name>open.c.obj</name>
      </input_file>
      <input_file id="fl-ca">
         <path>C:\ti\ccs1250\ccs\tools\compiler\ti-cgt-armllvm_3.2.0.LTS\lib\armv7em-ti-none-eabi\c\</path>
         <kind>archive</kind>
         <file>libsysbm.a</file>
         <name>lseek.c.obj</name>
      </input_file>
      <input_file id="fl-cb">
         <path>C:\ti\ccs1250\ccs\tools\compiler\ti-cgt-armllvm_3.2.0.LTS\lib\armv7em-ti-none-eabi\c\</path>
         <kind>archive</kind>
         <file>libsysbm.a</file>
         <name>close.c.obj</name>
      </input_file>
      <input_file id="fl-cc">
         <path>C:\ti\ccs1250\ccs\tools\compiler\ti-cgt-armllvm_3.2.0.LTS\lib\armv7em-ti-none-eabi\c\</path>
         <kind>archive</kind>
         <file>libsysbm.a</file>
         <name>unlink.c.obj</name>
      </input_file>
      <input_file id="fl-cd">
         <path>C:\ti\ccs1250\ccs\tools\compiler\ti-cgt-armllvm_3.2.0.LTS\lib\armv7em-ti-none-eabi\c\</path>
         <kind>archive</kind>
         <file>libsysbm.a</file>
         <name>hostclose.c.obj</name>
      </input_file>
      <input_file id="fl-ce">
         <path>C:\ti\ccs1250\ccs\tools\compiler\ti-cgt-armllvm_3.2.0.LTS\lib\armv7em-ti-none-eabi\c\</path>
         <kind>archive</kind>
         <file>libsysbm.a</file>
         <name>hostlseek.c.obj</name>
      </input_file>
      <input_file id="fl-cf">
         <path>C:\ti\ccs1250\ccs\tools\compiler\ti-cgt-armllvm_3.2.0.LTS\lib\armv7em-ti-none-eabi\c\</path>
         <kind>archive</kind>
         <file>libsysbm.a</file>
         <name>hostopen.c.obj</name>
      </input_file>
      <input_file id="fl-d0">
         <path>C:\ti\ccs1250\ccs\tools\compiler\ti-cgt-armllvm_3.2.0.LTS\lib\armv7em-ti-none-eabi\c\</path>
         <kind>archive</kind>
         <file>libsysbm.a</file>
         <name>hostread.c.obj</name>
      </input_file>
      <input_file id="fl-d1">
         <path>C:\ti\ccs1250\ccs\tools\compiler\ti-cgt-armllvm_3.2.0.LTS\lib\armv7em-ti-none-eabi\c\</path>
         <kind>archive</kind>
         <file>libsysbm.a</file>
         <name>hostrename.c.obj</name>
      </input_file>
      <input_file id="fl-d2">
         <path>C:\ti\ccs1250\ccs\tools\compiler\ti-cgt-armllvm_3.2.0.LTS\lib\armv7em-ti-none-eabi\c\</path>
         <kind>archive</kind>
         <file>libsysbm.a</file>
         <name>hostunlink.c.obj</name>
      </input_file>
      <input_file id="fl-d3">
         <path>C:\ti\ccs1250\ccs\tools\compiler\ti-cgt-armllvm_3.2.0.LTS\lib\armv7em-ti-none-eabi\c\</path>
         <kind>archive</kind>
         <file>libsysbm.a</file>
         <name>hostwrite.c.obj</name>
      </input_file>
      <input_file id="fl-d4">
         <path>C:\ti\ccs1250\ccs\tools\compiler\ti-cgt-armllvm_3.2.0.LTS\lib\armv7em-ti-none-eabi\c\</path>
         <kind>archive</kind>
         <file>libsysbm.a</file>
         <name>trgmsg.c.obj</name>
      </input_file>
      <input_file id="fl-d5">
         <path>C:\ti\ccs1250\ccs\tools\compiler\ti-cgt-armllvm_3.2.0.LTS\lib\clang\15.0.7\lib\armv7em-ti-none-eabi\</path>
         <kind>archive</kind>
         <file>libclang_rt.builtins.a</file>
         <name>adddf3.S.obj</name>
      </input_file>
      <input_file id="fl-d6">
         <path>C:\ti\ccs1250\ccs\tools\compiler\ti-cgt-armllvm_3.2.0.LTS\lib\clang\15.0.7\lib\armv7em-ti-none-eabi\</path>
         <kind>archive</kind>
         <file>libclang_rt.builtins.a</file>
         <name>muldf3.S.obj</name>
      </input_file>
      <input_file id="fl-d7">
         <path>C:\ti\ccs1250\ccs\tools\compiler\ti-cgt-armllvm_3.2.0.LTS\lib\clang\15.0.7\lib\armv7em-ti-none-eabi\</path>
         <kind>archive</kind>
         <file>libclang_rt.builtins.a</file>
         <name>divdf3.S.obj</name>
      </input_file>
      <input_file id="fl-d8">
         <path>C:\ti\ccs1250\ccs\tools\compiler\ti-cgt-armllvm_3.2.0.LTS\lib\clang\15.0.7\lib\armv7em-ti-none-eabi\</path>
         <kind>archive</kind>
         <file>libclang_rt.builtins.a</file>
         <name>fixdfsi.S.obj</name>
      </input_file>
      <input_file id="fl-d9">
         <path>C:\ti\ccs1250\ccs\tools\compiler\ti-cgt-armllvm_3.2.0.LTS\lib\clang\15.0.7\lib\armv7em-ti-none-eabi\</path>
         <kind>archive</kind>
         <file>libclang_rt.builtins.a</file>
         <name>floatsidf.S.obj</name>
      </input_file>
      <input_file id="fl-da">
         <path>C:\ti\ccs1250\ccs\tools\compiler\ti-cgt-armllvm_3.2.0.LTS\lib\clang\15.0.7\lib\armv7em-ti-none-eabi\</path>
         <kind>archive</kind>
         <file>libclang_rt.builtins.a</file>
         <name>aeabi_dcmp.S.obj</name>
      </input_file>
      <input_file id="fl-db">
         <path>C:\ti\ccs1250\ccs\tools\compiler\ti-cgt-armllvm_3.2.0.LTS\lib\clang\15.0.7\lib\armv7em-ti-none-eabi\</path>
         <kind>archive</kind>
         <file>libclang_rt.builtins.a</file>
         <name>aeabi_memcpy.S.obj</name>
      </input_file>
      <input_file id="fl-dc">
         <path>C:\ti\ccs1250\ccs\tools\compiler\ti-cgt-armllvm_3.2.0.LTS\lib\clang\15.0.7\lib\armv7em-ti-none-eabi\</path>
         <kind>archive</kind>
         <file>libclang_rt.builtins.a</file>
         <name>aeabi_memset.S.obj</name>
      </input_file>
      <input_file id="fl-dd">
         <path>C:\ti\ccs1250\ccs\tools\compiler\ti-cgt-armllvm_3.2.0.LTS\lib\clang\15.0.7\lib\armv7em-ti-none-eabi\</path>
         <kind>archive</kind>
         <file>libclang_rt.builtins.a</file>
         <name>aeabi_uldivmod.S.obj</name>
      </input_file>
      <input_file id="fl-de">
         <path>C:\ti\ccs1250\ccs\tools\compiler\ti-cgt-armllvm_3.2.0.LTS\lib\clang\15.0.7\lib\armv7em-ti-none-eabi\</path>
         <kind>archive</kind>
         <file>libclang_rt.builtins.a</file>
         <name>udivmoddi4.S.obj</name>
      </input_file>
      <input_file id="fl-df">
         <path>C:\ti\ccs1250\ccs\tools\compiler\ti-cgt-armllvm_3.2.0.LTS\lib\clang\15.0.7\lib\armv7em-ti-none-eabi\</path>
         <kind>archive</kind>
         <file>libclang_rt.builtins.a</file>
         <name>comparedf2.c.obj</name>
      </input_file>
      <input_file id="fl-e0">
         <path>C:\ti\ccs1250\ccs\tools\compiler\ti-cgt-armllvm_3.2.0.LTS\lib\clang\15.0.7\lib\armv7em-ti-none-eabi\</path>
         <kind>archive</kind>
         <file>libclang_rt.builtins.a</file>
         <name>aeabi_div0.c.obj</name>
      </input_file>
      <input_file id="fl-e1">
         <path>C:\ti\ccs1250\ccs\tools\compiler\ti-cgt-armllvm_3.2.0.LTS\lib\armv7em-ti-none-eabi\c\</path>
         <kind>archive</kind>
         <file>libc.a</file>
         <name>getdevice.c.obj</name>
      </input_file>
      <input_file id="fl-e2">
         <path>C:\ti\ccs1250\ccs\tools\compiler\ti-cgt-armllvm_3.2.0.LTS\lib\armv7em-ti-none-eabi\c\</path>
         <kind>archive</kind>
         <file>libc.a</file>
         <name>strcmp_t2.S.obj</name>
      </input_file>
      <input_file id="fl-e3">
         <path>C:\ti\ccs1250\ccs\tools\compiler\ti-cgt-armllvm_3.2.0.LTS\lib\armv7em-ti-none-eabi\c\</path>
         <kind>archive</kind>
         <file>libc.a</file>
         <name>memcpy_t2.S.obj</name>
      </input_file>
      <input_file id="fl-e4">
         <path>C:\ti\ccs1250\ccs\tools\compiler\ti-cgt-armllvm_3.2.0.LTS\lib\armv7em-ti-none-eabi\c\</path>
         <kind>archive</kind>
         <file>libc.a</file>
         <name>memset_t2.S.obj</name>
      </input_file>
   </input_file_list>
   <object_component_list>
      <object_component id="oc-d2">
         <name>.text.PRCMCC3200MCUInit</name>
         <load_address>0x2000c040</load_address>
         <readonly>true</readonly>
         <executable>true</executable>
         <run_address>0x2000c040</run_address>
         <size>0x4b8</size>
         <alignment>0x2</alignment>
         <input_file_ref idref="fl-2e"/>
      </object_component>
      <object_component id="oc-229">
         <name>.text.Power_sleep</name>
         <load_address>0x2000c4f8</load_address>
         <readonly>true</readonly>
         <executable>true</executable>
         <run_address>0x2000c4f8</run_address>
         <size>0x3e4</size>
         <alignment>0x4</alignment>
         <input_file_ref idref="fl-18"/>
      </object_component>
      <object_component id="oc-230">
         <name>.text.ClockP_doTick</name>
         <load_address>0x2000c8dc</load_address>
         <readonly>true</readonly>
         <executable>true</executable>
         <run_address>0x2000c8dc</run_address>
         <size>0x4</size>
         <alignment>0x2</alignment>
         <input_file_ref idref="fl-23"/>
      </object_component>
      <object_component id="oc-427">
         <name>.text:strcmp</name>
         <load_address>0x2000c8e0</load_address>
         <readonly>true</readonly>
         <executable>true</executable>
         <run_address>0x2000c8e0</run_address>
         <size>0x2dc</size>
         <alignment>0x20</alignment>
         <input_file_ref idref="fl-e2"/>
      </object_component>
      <object_component id="oc-2af">
         <name>.text:__TI_printfi_minimal</name>
         <load_address>0x2000cbbc</load_address>
         <readonly>true</readonly>
         <executable>true</executable>
         <run_address>0x2000cbbc</run_address>
         <size>0x268</size>
         <alignment>0x4</alignment>
         <input_file_ref idref="fl-43"/>
      </object_component>
      <object_component id="oc-1d9">
         <name>.text.UART2CC32XX_hwiIntFxn</name>
         <load_address>0x2000ce24</load_address>
         <readonly>true</readonly>
         <executable>true</executable>
         <run_address>0x2000ce24</run_address>
         <size>0x222</size>
         <alignment>0x2</alignment>
         <input_file_ref idref="fl-1d"/>
      </object_component>
      <object_component id="oc-e2">
         <name>.text.Board_initHook</name>
         <load_address>0x2000d046</load_address>
         <readonly>true</readonly>
         <executable>true</executable>
         <run_address>0x2000d046</run_address>
         <size>0x2</size>
         <alignment>0x2</alignment>
         <input_file_ref idref="fl-2"/>
      </object_component>
      <object_component id="oc-13e">
         <name>.text.UART2_open</name>
         <load_address>0x2000d048</load_address>
         <readonly>true</readonly>
         <executable>true</executable>
         <run_address>0x2000d048</run_address>
         <size>0x1cc</size>
         <alignment>0x4</alignment>
         <input_file_ref idref="fl-1d"/>
      </object_component>
      <object_component id="oc-19f">
         <name>.text.PowerCC32XX_sleepPolicy</name>
         <load_address>0x2000d214</load_address>
         <readonly>true</readonly>
         <executable>true</executable>
         <run_address>0x2000d214</run_address>
         <size>0x150</size>
         <alignment>0x4</alignment>
         <input_file_ref idref="fl-25"/>
      </object_component>
      <object_component id="oc-160">
         <name>.text.Timer_open</name>
         <load_address>0x2000d364</load_address>
         <readonly>true</readonly>
         <executable>true</executable>
         <run_address>0x2000d364</run_address>
         <size>0x148</size>
         <alignment>0x4</alignment>
         <input_file_ref idref="fl-1b"/>
      </object_component>
      <object_component id="oc-f8">
         <name>.text.GPIO_setConfig</name>
         <load_address>0x2000d4ac</load_address>
         <readonly>true</readonly>
         <executable>true</executable>
         <run_address>0x2000d4ac</run_address>
         <size>0x140</size>
         <alignment>0x4</alignment>
         <input_file_ref idref="fl-15"/>
      </object_component>
      <object_component id="oc-1f0">
         <name>.text.I2CCC32XX_hwiFxn</name>
         <load_address>0x2000d5ec</load_address>
         <readonly>true</readonly>
         <executable>true</executable>
         <run_address>0x2000d5ec</run_address>
         <size>0x138</size>
         <alignment>0x2</alignment>
         <input_file_ref idref="fl-17"/>
      </object_component>
      <object_component id="oc-2bd">
         <name>.text.aligned_alloc</name>
         <load_address>0x2000d724</load_address>
         <readonly>true</readonly>
         <executable>true</executable>
         <run_address>0x2000d724</run_address>
         <size>0x120</size>
         <alignment>0x4</alignment>
         <input_file_ref idref="fl-51"/>
      </object_component>
      <object_component id="oc-2f6">
         <name>.text.uDMAChannelTransferSet</name>
         <load_address>0x2000d844</load_address>
         <readonly>true</readonly>
         <executable>true</executable>
         <run_address>0x2000d844</run_address>
         <size>0x112</size>
         <alignment>0x2</alignment>
         <input_file_ref idref="fl-33"/>
      </object_component>
      <object_component id="oc-19a">
         <name>.text.PowerCC32XX_initPolicy</name>
         <load_address>0x2000d956</load_address>
         <readonly>true</readonly>
         <executable>true</executable>
         <run_address>0x2000d956</run_address>
         <size>0x2</size>
         <alignment>0x2</alignment>
         <input_file_ref idref="fl-25"/>
      </object_component>
      <object_component id="oc-1dc">
         <name>.text.fputs</name>
         <load_address>0x2000d958</load_address>
         <readonly>true</readonly>
         <executable>true</executable>
         <run_address>0x2000d958</run_address>
         <size>0xf0</size>
         <alignment>0x4</alignment>
         <input_file_ref idref="fl-45"/>
      </object_component>
      <object_component id="oc-1a6">
         <name>.text.free</name>
         <load_address>0x2000da48</load_address>
         <readonly>true</readonly>
         <executable>true</executable>
         <run_address>0x2000da48</run_address>
         <size>0xf0</size>
         <alignment>0x4</alignment>
         <input_file_ref idref="fl-51"/>
      </object_component>
      <object_component id="oc-152">
         <name>.text.I2C_open</name>
         <load_address>0x2000db38</load_address>
         <readonly>true</readonly>
         <executable>true</executable>
         <run_address>0x2000db38</run_address>
         <size>0xe8</size>
         <alignment>0x4</alignment>
         <input_file_ref idref="fl-17"/>
      </object_component>
      <object_component id="oc-1d4">
         <name>.text.UART2_close</name>
         <load_address>0x2000dc20</load_address>
         <readonly>true</readonly>
         <executable>true</executable>
         <run_address>0x2000dc20</run_address>
         <size>0xe8</size>
         <alignment>0x4</alignment>
         <input_file_ref idref="fl-1d"/>
      </object_component>
      <object_component id="oc-300">
         <name>.text.setvbuf</name>
         <load_address>0x2000dd08</load_address>
         <readonly>true</readonly>
         <executable>true</executable>
         <run_address>0x2000dd08</run_address>
         <size>0xd8</size>
         <alignment>0x4</alignment>
         <input_file_ref idref="fl-47"/>
      </object_component>
      <object_component id="oc-272">
         <name>.text.UART2Support_dmaStartRx</name>
         <load_address>0x2000dde0</load_address>
         <readonly>true</readonly>
         <executable>true</executable>
         <run_address>0x2000dde0</run_address>
         <size>0xcc</size>
         <alignment>0x4</alignment>
         <input_file_ref idref="fl-1d"/>
      </object_component>
      <object_component id="oc-2e9">
         <name>.text.IntDisable</name>
         <load_address>0x2000deac</load_address>
         <readonly>true</readonly>
         <executable>true</executable>
         <run_address>0x2000deac</run_address>
         <size>0xc8</size>
         <alignment>0x2</alignment>
         <input_file_ref idref="fl-2c"/>
      </object_component>
      <object_component id="oc-25b">
         <name>.text.IntEnable</name>
         <load_address>0x2000df74</load_address>
         <readonly>true</readonly>
         <executable>true</executable>
         <run_address>0x2000df74</run_address>
         <size>0xc8</size>
         <alignment>0x2</alignment>
         <input_file_ref idref="fl-2c"/>
      </object_component>
      <object_component id="oc-1d0">
         <name>.text.UART2CC32XX_initHw</name>
         <load_address>0x2000e03c</load_address>
         <readonly>true</readonly>
         <executable>true</executable>
         <run_address>0x2000e03c</run_address>
         <size>0xc4</size>
         <alignment>0x4</alignment>
         <input_file_ref idref="fl-1d"/>
      </object_component>
      <object_component id="oc-b0">
         <name>.text.mainThread</name>
         <load_address>0x2000e100</load_address>
         <readonly>true</readonly>
         <executable>true</executable>
         <run_address>0x2000e100</run_address>
         <size>0xc0</size>
         <alignment>0x4</alignment>
         <input_file_ref idref="fl-1"/>
      </object_component>
      <object_component id="oc-275">
         <name>.text.UART2Support_dmaStartTx</name>
         <load_address>0x2000e1c0</load_address>
         <readonly>true</readonly>
         <executable>true</executable>
         <run_address>0x2000e1c0</run_address>
         <size>0xb8</size>
         <alignment>0x4</alignment>
         <input_file_ref idref="fl-1d"/>
      </object_component>
      <object_component id="oc-2c4">
         <name>.text</name>
         <load_address>0x2000e278</load_address>
         <readonly>true</readonly>
         <executable>true</executable>
         <run_address>0x2000e278</run_address>
         <size>0xb0</size>
         <alignment>0x4</alignment>
         <input_file_ref idref="fl-de"/>
      </object_component>
      <object_component id="oc-20d">
         <name>.text.GPIOIntTypeSet</name>
         <load_address>0x2000e328</load_address>
         <readonly>true</readonly>
         <executable>true</executable>
         <run_address>0x2000e328</run_address>
         <size>0xac</size>
         <alignment>0x2</alignment>
         <input_file_ref idref="fl-29"/>
      </object_component>
      <object_component id="oc-34c">
         <name>.text.IntPendSet</name>
         <load_address>0x2000e3d4</load_address>
         <readonly>true</readonly>
         <executable>true</executable>
         <run_address>0x2000e3d4</run_address>
         <size>0xa4</size>
         <alignment>0x2</alignment>
         <input_file_ref idref="fl-2c"/>
      </object_component>
      <object_component id="oc-17b">
         <name>.text.PinConfigSet</name>
         <load_address>0x2000e478</load_address>
         <readonly>true</readonly>
         <executable>true</executable>
         <run_address>0x2000e478</run_address>
         <size>0xa2</size>
         <alignment>0x2</alignment>
         <input_file_ref idref="fl-2d"/>
      </object_component>
      <object_component id="oc-29b">
         <name>.text.I2CCC32XX_completeTransfer</name>
         <load_address>0x2000e51a</load_address>
         <readonly>true</readonly>
         <executable>true</executable>
         <run_address>0x2000e51a</run_address>
         <size>0x9c</size>
         <alignment>0x2</alignment>
         <input_file_ref idref="fl-17"/>
      </object_component>
      <object_component id="oc-28c">
         <name>.text.I2CMasterInitExpClk</name>
         <load_address>0x2000e5b6</load_address>
         <readonly>true</readonly>
         <executable>true</executable>
         <run_address>0x2000e5b6</run_address>
         <size>0x98</size>
         <alignment>0x2</alignment>
         <input_file_ref idref="fl-2b"/>
      </object_component>
      <object_component id="oc-264">
         <name>.text.SemaphoreP_destruct</name>
         <load_address>0x2000e64e</load_address>
         <readonly>true</readonly>
         <executable>true</executable>
         <run_address>0x2000e64e</run_address>
         <size>0x2</size>
         <alignment>0x2</alignment>
         <input_file_ref idref="fl-22"/>
      </object_component>
      <object_component id="oc-12b">
         <name>.text.SemaphoreP_pend</name>
         <load_address>0x2000e650</load_address>
         <readonly>true</readonly>
         <executable>true</executable>
         <run_address>0x2000e650</run_address>
         <size>0x98</size>
         <alignment>0x4</alignment>
         <input_file_ref idref="fl-22"/>
      </object_component>
      <object_component id="oc-128">
         <name>.text.HwiP_disable</name>
         <load_address>0x2000e6e8</load_address>
         <readonly>true</readonly>
         <executable>true</executable>
         <run_address>0x2000e6e8</run_address>
         <size>0x8</size>
         <alignment>0x2</alignment>
         <input_file_ref idref="fl-24"/>
      </object_component>
      <object_component id="oc-2d0">
         <name>.text</name>
         <load_address>0x2000e6f0</load_address>
         <readonly>true</readonly>
         <executable>true</executable>
         <run_address>0x2000e6f0</run_address>
         <size>0x96</size>
         <alignment>0x10</alignment>
         <input_file_ref idref="fl-19"/>
      </object_component>
      <object_component id="oc-254">
         <name>.text.uDMAChannelAttributeDisable</name>
         <load_address>0x2000e786</load_address>
         <readonly>true</readonly>
         <executable>true</executable>
         <run_address>0x2000e786</run_address>
         <size>0x92</size>
         <alignment>0x2</alignment>
         <input_file_ref idref="fl-33"/>
      </object_component>
      <object_component id="oc-dc">
         <name>.text.GPIO_init</name>
         <load_address>0x2000e818</load_address>
         <readonly>true</readonly>
         <executable>true</executable>
         <run_address>0x2000e818</run_address>
         <size>0x90</size>
         <alignment>0x4</alignment>
         <input_file_ref idref="fl-15"/>
      </object_component>
      <object_component id="oc-10a">
         <name>.text.PRCMSysResetCauseGet</name>
         <load_address>0x2000e8a8</load_address>
         <readonly>true</readonly>
         <executable>true</executable>
         <run_address>0x2000e8a8</run_address>
         <size>0x8e</size>
         <alignment>0x2</alignment>
         <input_file_ref idref="fl-2e"/>
      </object_component>
      <object_component id="oc-1d7">
         <name>.text.UART2CC32XX_eventCallback</name>
         <load_address>0x2000e936</load_address>
         <readonly>true</readonly>
         <executable>true</executable>
         <run_address>0x2000e936</run_address>
         <size>0x2</size>
         <alignment>0x2</alignment>
         <input_file_ref idref="fl-1d"/>
      </object_component>
      <object_component id="oc-11c">
         <name>.text.PowerCC32XX_configureWakeup</name>
         <load_address>0x2000e938</load_address>
         <readonly>true</readonly>
         <executable>true</executable>
         <run_address>0x2000e938</run_address>
         <size>0x88</size>
         <alignment>0x4</alignment>
         <input_file_ref idref="fl-18"/>
      </object_component>
      <object_component id="oc-2b7">
         <name>.text.fputc</name>
         <load_address>0x2000e9c0</load_address>
         <readonly>true</readonly>
         <executable>true</executable>
         <run_address>0x2000e9c0</run_address>
         <size>0x88</size>
         <alignment>0x4</alignment>
         <input_file_ref idref="fl-44"/>
      </object_component>
      <object_component id="oc-298">
         <name>.text.I2CCC32XX_primeReadBurst</name>
         <load_address>0x2000ea48</load_address>
         <readonly>true</readonly>
         <executable>true</executable>
         <run_address>0x2000ea48</run_address>
         <size>0x7a</size>
         <alignment>0x2</alignment>
         <input_file_ref idref="fl-17"/>
      </object_component>
      <object_component id="oc-33b">
         <name>.text.__aeabi_ldiv0</name>
         <load_address>0x2000eac2</load_address>
         <readonly>true</readonly>
         <executable>true</executable>
         <run_address>0x2000eac2</run_address>
         <size>0x2</size>
         <alignment>0x2</alignment>
         <input_file_ref idref="fl-e0"/>
      </object_component>
      <object_component id="oc-d7">
         <name>.text.Power_init</name>
         <load_address>0x2000eac4</load_address>
         <readonly>true</readonly>
         <executable>true</executable>
         <run_address>0x2000eac4</run_address>
         <size>0x78</size>
         <alignment>0x4</alignment>
         <input_file_ref idref="fl-18"/>
      </object_component>
      <object_component id="oc-1d2">
         <name>.text.HwiP_construct</name>
         <load_address>0x2000eb3c</load_address>
         <readonly>true</readonly>
         <executable>true</executable>
         <run_address>0x2000eb3c</run_address>
         <size>0x74</size>
         <alignment>0x4</alignment>
         <input_file_ref idref="fl-24"/>
      </object_component>
      <object_component id="oc-197">
         <name>.text.PRCMHibernateWakeUpGPIOSelect</name>
         <load_address>0x2000ebb0</load_address>
         <readonly>true</readonly>
         <executable>true</executable>
         <run_address>0x2000ebb0</run_address>
         <size>0x74</size>
         <alignment>0x2</alignment>
         <input_file_ref idref="fl-2e"/>
      </object_component>
      <object_component id="oc-249">
         <name>.text.UARTConfigSetExpClk</name>
         <load_address>0x2000ec24</load_address>
         <readonly>true</readonly>
         <executable>true</executable>
         <run_address>0x2000ec24</run_address>
         <size>0x74</size>
         <alignment>0x2</alignment>
         <input_file_ref idref="fl-32"/>
      </object_component>
      <object_component id="oc-3ac">
         <name>.text.__TI_closefile</name>
         <load_address>0x2000ec98</load_address>
         <readonly>true</readonly>
         <executable>true</executable>
         <run_address>0x2000ec98</run_address>
         <size>0x74</size>
         <alignment>0x4</alignment>
         <input_file_ref idref="fl-62"/>
      </object_component>
      <object_component id="oc-18">
         <name>.text:decompress:lzss</name>
         <load_address>0x2000ed0c</load_address>
         <readonly>true</readonly>
         <executable>true</executable>
         <run_address>0x2000ed0c</run_address>
         <size>0x70</size>
         <alignment>0x2</alignment>
         <input_file_ref idref="fl-59"/>
      </object_component>
      <object_component id="oc-2ce">
         <name>.text.PinLockLevelSet</name>
         <load_address>0x2000ed7c</load_address>
         <readonly>true</readonly>
         <executable>true</executable>
         <run_address>0x2000ed7c</run_address>
         <size>0x6c</size>
         <alignment>0x2</alignment>
         <input_file_ref idref="fl-2d"/>
      </object_component>
      <object_component id="oc-17c">
         <name>.text.Power_setDependency</name>
         <load_address>0x2000ede8</load_address>
         <readonly>true</readonly>
         <executable>true</executable>
         <run_address>0x2000ede8</run_address>
         <size>0x6c</size>
         <alignment>0x4</alignment>
         <input_file_ref idref="fl-18"/>
      </object_component>
      <object_component id="oc-1ce">
         <name>.text.UDMACC32XX_open</name>
         <load_address>0x2000ee54</load_address>
         <readonly>true</readonly>
         <executable>true</executable>
         <run_address>0x2000ee54</run_address>
         <size>0x6c</size>
         <alignment>0x4</alignment>
         <input_file_ref idref="fl-20"/>
      </object_component>
      <object_component id="oc-132">
         <name>.text.powerNotifyFxn</name>
         <load_address>0x2000eec0</load_address>
         <readonly>true</readonly>
         <executable>true</executable>
         <run_address>0x2000eec0</run_address>
         <size>0x6c</size>
         <alignment>0x4</alignment>
         <input_file_ref idref="fl-15"/>
      </object_component>
      <object_component id="oc-338">
         <name>.text.split</name>
         <load_address>0x2000ef2c</load_address>
         <readonly>true</readonly>
         <executable>true</executable>
         <run_address>0x2000ef2c</run_address>
         <size>0x6c</size>
         <alignment>0x4</alignment>
         <input_file_ref idref="fl-51"/>
      </object_component>
      <object_component id="oc-112">
         <name>.text.PRCMPeripheralReset</name>
         <load_address>0x2000ef98</load_address>
         <readonly>true</readonly>
         <executable>true</executable>
         <run_address>0x2000ef98</run_address>
         <size>0x6a</size>
         <alignment>0x2</alignment>
         <input_file_ref idref="fl-2e"/>
      </object_component>
      <object_component id="oc-185">
         <name>.text._nop</name>
         <load_address>0x2000f002</load_address>
         <readonly>true</readonly>
         <executable>true</executable>
         <run_address>0x2000f002</run_address>
         <size>0x2</size>
         <alignment>0x2</alignment>
         <input_file_ref idref="fl-4b"/>
      </object_component>
      <object_component id="oc-1eb">
         <name>.text.I2CCC32XX_initHw</name>
         <load_address>0x2000f004</load_address>
         <readonly>true</readonly>
         <executable>true</executable>
         <run_address>0x2000f004</run_address>
         <size>0x68</size>
         <alignment>0x4</alignment>
         <input_file_ref idref="fl-17"/>
      </object_component>
      <object_component id="oc-258">
         <name>.text.IntPendClear</name>
         <load_address>0x2000f06c</load_address>
         <readonly>true</readonly>
         <executable>true</executable>
         <run_address>0x2000f06c</run_address>
         <size>0x68</size>
         <alignment>0x2</alignment>
         <input_file_ref idref="fl-2c"/>
      </object_component>
      <object_component id="oc-351">
         <name>.text.fseeko</name>
         <load_address>0x2000f0d4</load_address>
         <readonly>true</readonly>
         <executable>true</executable>
         <run_address>0x2000f0d4</run_address>
         <size>0x68</size>
         <alignment>0x4</alignment>
         <input_file_ref idref="fl-5f"/>
      </object_component>
      <object_component id="oc-41b">
         <name>.text.getdevice</name>
         <load_address>0x2000f13c</load_address>
         <readonly>true</readonly>
         <executable>true</executable>
         <run_address>0x2000f13c</run_address>
         <size>0x68</size>
         <alignment>0x4</alignment>
         <input_file_ref idref="fl-e1"/>
      </object_component>
      <object_component id="oc-299">
         <name>.text.I2CCC32XX_primeWriteBurst</name>
         <load_address>0x2000f1a4</load_address>
         <readonly>true</readonly>
         <executable>true</executable>
         <run_address>0x2000f1a4</run_address>
         <size>0x66</size>
         <alignment>0x2</alignment>
         <input_file_ref idref="fl-17"/>
      </object_component>
      <object_component id="oc-57">
         <name>.text.busFaultHandler</name>
         <load_address>0x2000f20a</load_address>
         <readonly>true</readonly>
         <executable>true</executable>
         <run_address>0x2000f20a</run_address>
         <size>0x2</size>
         <alignment>0x2</alignment>
         <input_file_ref idref="fl-26"/>
      </object_component>
      <object_component id="oc-3cd">
         <name>.text.HOSTrename</name>
         <load_address>0x2000f20c</load_address>
         <readonly>true</readonly>
         <executable>true</executable>
         <run_address>0x2000f20c</run_address>
         <size>0x64</size>
         <alignment>0x4</alignment>
         <input_file_ref idref="fl-d1"/>
      </object_component>
      <object_component id="oc-f0">
         <name>.text.GPIO_write</name>
         <load_address>0x2000f270</load_address>
         <readonly>true</readonly>
         <executable>true</executable>
         <run_address>0x2000f270</run_address>
         <size>0x60</size>
         <alignment>0x4</alignment>
         <input_file_ref idref="fl-15"/>
      </object_component>
      <object_component id="oc-274">
         <name>.text.UART2Support_dmaStopTx</name>
         <load_address>0x2000f2d0</load_address>
         <readonly>true</readonly>
         <executable>true</executable>
         <run_address>0x2000f2d0</run_address>
         <size>0x60</size>
         <alignment>0x2</alignment>
         <input_file_ref idref="fl-1d"/>
      </object_component>
      <object_component id="oc-276">
         <name>.text.__TI_wrt_ok</name>
         <load_address>0x2000f330</load_address>
         <readonly>true</readonly>
         <executable>true</executable>
         <run_address>0x2000f330</run_address>
         <size>0x60</size>
         <alignment>0x2</alignment>
         <input_file_ref idref="fl-46"/>
      </object_component>
      <object_component id="oc-3e6">
         <name>.text.close</name>
         <load_address>0x2000f390</load_address>
         <readonly>true</readonly>
         <executable>true</executable>
         <run_address>0x2000f390</run_address>
         <size>0x60</size>
         <alignment>0x4</alignment>
         <input_file_ref idref="fl-cb"/>
      </object_component>
      <object_component id="oc-174">
         <name>.text.printf</name>
         <load_address>0x2000f3f0</load_address>
         <readonly>true</readonly>
         <executable>true</executable>
         <run_address>0x2000f3f0</run_address>
         <size>0x60</size>
         <alignment>0x4</alignment>
         <input_file_ref idref="fl-42"/>
      </object_component>
      <object_component id="oc-347">
         <name>.text.FlashDisable</name>
         <load_address>0x2000f450</load_address>
         <readonly>true</readonly>
         <executable>true</executable>
         <run_address>0x2000f450</run_address>
         <size>0x5c</size>
         <alignment>0x2</alignment>
         <input_file_ref idref="fl-35"/>
      </object_component>
      <object_component id="oc-313">
         <name>.text.I2CSupport_primeTransfer</name>
         <load_address>0x2000f4ac</load_address>
         <readonly>true</readonly>
         <executable>true</executable>
         <run_address>0x2000f4ac</run_address>
         <size>0x5c</size>
         <alignment>0x2</alignment>
         <input_file_ref idref="fl-17"/>
      </object_component>
      <object_component id="oc-199">
         <name>.text.PRCMHibernateWakeupSourceDisable</name>
         <load_address>0x2000f508</load_address>
         <readonly>true</readonly>
         <executable>true</executable>
         <run_address>0x2000f508</run_address>
         <size>0x5c</size>
         <alignment>0x2</alignment>
         <input_file_ref idref="fl-2e"/>
      </object_component>
      <object_component id="oc-1f7">
         <name>.text.TimerCC32XX_allocateTimerResource</name>
         <load_address>0x2000f564</load_address>
         <readonly>true</readonly>
         <executable>true</executable>
         <run_address>0x2000f564</run_address>
         <size>0x5c</size>
         <alignment>0x4</alignment>
         <input_file_ref idref="fl-1b"/>
      </object_component>
      <object_component id="oc-111">
         <name>.text.PRCMPeripheralClkEnable</name>
         <load_address>0x2000f5c0</load_address>
         <readonly>true</readonly>
         <executable>true</executable>
         <run_address>0x2000f5c0</run_address>
         <size>0x5a</size>
         <alignment>0x2</alignment>
         <input_file_ref idref="fl-2e"/>
      </object_component>
      <object_component id="oc-1ad">
         <name>.text.clkFxn</name>
         <load_address>0x2000f61a</load_address>
         <readonly>true</readonly>
         <executable>true</executable>
         <run_address>0x2000f61a</run_address>
         <size>0x2</size>
         <alignment>0x2</alignment>
         <input_file_ref idref="fl-22"/>
      </object_component>
      <object_component id="oc-2c2">
         <name>.text.ClockP_startup</name>
         <load_address>0x2000f61c</load_address>
         <readonly>true</readonly>
         <executable>true</executable>
         <run_address>0x2000f61c</run_address>
         <size>0x58</size>
         <alignment>0x4</alignment>
         <input_file_ref idref="fl-23"/>
      </object_component>
      <object_component id="oc-3c5">
         <name>.text.HOSTlseek</name>
         <load_address>0x2000f674</load_address>
         <readonly>true</readonly>
         <executable>true</executable>
         <run_address>0x2000f674</run_address>
         <size>0x58</size>
         <alignment>0x4</alignment>
         <input_file_ref idref="fl-ce"/>
      </object_component>
      <object_component id="oc-3b5">
         <name>.text.HOSTopen</name>
         <load_address>0x2000f6cc</load_address>
         <readonly>true</readonly>
         <executable>true</executable>
         <run_address>0x2000f6cc</run_address>
         <size>0x58</size>
         <alignment>0x4</alignment>
         <input_file_ref idref="fl-cf"/>
      </object_component>
      <object_component id="oc-25a">
         <name>.text.IntPrioritySet</name>
         <load_address>0x2000f724</load_address>
         <readonly>true</readonly>
         <executable>true</executable>
         <run_address>0x2000f724</run_address>
         <size>0x58</size>
         <alignment>0x2</alignment>
         <input_file_ref idref="fl-2c"/>
      </object_component>
      <object_component id="oc-2da">
         <name>.text.PRCMLPDSEnter</name>
         <load_address>0x2000f77c</load_address>
         <readonly>true</readonly>
         <executable>true</executable>
         <run_address>0x2000f77c</run_address>
         <size>0x56</size>
         <alignment>0x2</alignment>
         <input_file_ref idref="fl-2e"/>
      </object_component>
      <object_component id="oc-56">
         <name>.text.defaultHandler</name>
         <load_address>0x2000f7d2</load_address>
         <readonly>true</readonly>
         <executable>true</executable>
         <run_address>0x2000f7d2</run_address>
         <size>0x2</size>
         <alignment>0x2</alignment>
         <input_file_ref idref="fl-26"/>
      </object_component>
      <object_component id="oc-184">
         <name>.text.GPIO_toggle</name>
         <load_address>0x2000f7d4</load_address>
         <readonly>true</readonly>
         <executable>true</executable>
         <run_address>0x2000f7d4</run_address>
         <size>0x54</size>
         <alignment>0x4</alignment>
         <input_file_ref idref="fl-15"/>
      </object_component>
      <object_component id="oc-3bd">
         <name>.text.HOSTread</name>
         <load_address>0x2000f828</load_address>
         <readonly>true</readonly>
         <executable>true</executable>
         <run_address>0x2000f828</run_address>
         <size>0x54</size>
         <alignment>0x4</alignment>
         <input_file_ref idref="fl-d0"/>
      </object_component>
      <object_component id="oc-3c1">
         <name>.text.HOSTwrite</name>
         <load_address>0x2000f87c</load_address>
         <readonly>true</readonly>
         <executable>true</executable>
         <run_address>0x2000f87c</run_address>
         <size>0x54</size>
         <alignment>0x4</alignment>
         <input_file_ref idref="fl-d3"/>
      </object_component>
      <object_component id="oc-1b9">
         <name>.text.PowerCC32XX_setParkState</name>
         <load_address>0x2000f8d0</load_address>
         <readonly>true</readonly>
         <executable>true</executable>
         <run_address>0x2000f8d0</run_address>
         <size>0x54</size>
         <alignment>0x4</alignment>
         <input_file_ref idref="fl-18"/>
      </object_component>
      <object_component id="oc-267">
         <name>.text.Power_releaseDependency</name>
         <load_address>0x2000f924</load_address>
         <readonly>true</readonly>
         <executable>true</executable>
         <run_address>0x2000f924</run_address>
         <size>0x54</size>
         <alignment>0x4</alignment>
         <input_file_ref idref="fl-18"/>
      </object_component>
      <object_component id="oc-183">
         <name>.text.GPIO_hwiIntFxn</name>
         <load_address>0x2000f978</load_address>
         <readonly>true</readonly>
         <executable>true</executable>
         <run_address>0x2000f978</run_address>
         <size>0x50</size>
         <alignment>0x4</alignment>
         <input_file_ref idref="fl-15"/>
      </object_component>
      <object_component id="oc-198">
         <name>.text.PRCMHibernateWakeupSourceEnable</name>
         <load_address>0x2000f9c8</load_address>
         <readonly>true</readonly>
         <executable>true</executable>
         <run_address>0x2000f9c8</run_address>
         <size>0x50</size>
         <alignment>0x2</alignment>
         <input_file_ref idref="fl-2e"/>
      </object_component>
      <object_component id="oc-232">
         <name>.text.SemaphoreP_construct</name>
         <load_address>0x2000fa18</load_address>
         <readonly>true</readonly>
         <executable>true</executable>
         <run_address>0x2000fa18</run_address>
         <size>0x50</size>
         <alignment>0x4</alignment>
         <input_file_ref idref="fl-22"/>
      </object_component>
      <object_component id="oc-280">
         <name>.text.__TI_doflush</name>
         <load_address>0x2000fa68</load_address>
         <readonly>true</readonly>
         <executable>true</executable>
         <run_address>0x2000fa68</run_address>
         <size>0x50</size>
         <alignment>0x2</alignment>
         <input_file_ref idref="fl-5d"/>
      </object_component>
      <object_component id="oc-253">
         <name>.text.uDMAChannelAssign</name>
         <load_address>0x2000fab8</load_address>
         <readonly>true</readonly>
         <executable>true</executable>
         <run_address>0x2000fab8</run_address>
         <size>0x4e</size>
         <alignment>0x2</alignment>
         <input_file_ref idref="fl-33"/>
      </object_component>
      <object_component id="oc-55">
         <name>.text.faultISR</name>
         <load_address>0x2000fb06</load_address>
         <readonly>true</readonly>
         <executable>true</executable>
         <run_address>0x2000fb06</run_address>
         <size>0x2</size>
         <alignment>0x2</alignment>
         <input_file_ref idref="fl-26"/>
      </object_component>
      <object_component id="oc-180">
         <name>.text.GPIO_setInterruptConfig</name>
         <load_address>0x2000fb08</load_address>
         <readonly>true</readonly>
         <executable>true</executable>
         <run_address>0x2000fb08</run_address>
         <size>0x4c</size>
         <alignment>0x4</alignment>
         <input_file_ref idref="fl-15"/>
      </object_component>
      <object_component id="oc-345">
         <name>.text.PRCMLPDSRestoreInfoSet</name>
         <load_address>0x2000fb54</load_address>
         <readonly>true</readonly>
         <executable>true</executable>
         <run_address>0x2000fb54</run_address>
         <size>0x4c</size>
         <alignment>0x2</alignment>
         <input_file_ref idref="fl-2e"/>
      </object_component>
      <object_component id="oc-1fb">
         <name>.text.initHw</name>
         <load_address>0x2000fba0</load_address>
         <readonly>true</readonly>
         <executable>true</executable>
         <run_address>0x2000fba0</run_address>
         <size>0x4c</size>
         <alignment>0x2</alignment>
         <input_file_ref idref="fl-1b"/>
      </object_component>
      <object_component id="oc-270">
         <name>.text.UART2Support_dmaStopRx</name>
         <load_address>0x2000fbec</load_address>
         <readonly>true</readonly>
         <executable>true</executable>
         <run_address>0x2000fbec</run_address>
         <size>0x4a</size>
         <alignment>0x2</alignment>
         <input_file_ref idref="fl-1d"/>
      </object_component>
      <object_component id="oc-1fa">
         <name>.text.getPrescaler</name>
         <load_address>0x2000fc36</load_address>
         <readonly>true</readonly>
         <executable>true</executable>
         <run_address>0x2000fc36</run_address>
         <size>0x4a</size>
         <alignment>0x2</alignment>
         <input_file_ref idref="fl-1b"/>
      </object_component>
      <object_component id="oc-2f0">
         <name>.text.uDMAChannelSizeGet</name>
         <load_address>0x2000fc80</load_address>
         <readonly>true</readonly>
         <executable>true</executable>
         <run_address>0x2000fc80</run_address>
         <size>0x4a</size>
         <alignment>0x2</alignment>
         <input_file_ref idref="fl-33"/>
      </object_component>
      <object_component id="oc-54">
         <name>.text.nmiISR</name>
         <load_address>0x2000fcca</load_address>
         <readonly>true</readonly>
         <executable>true</executable>
         <run_address>0x2000fcca</run_address>
         <size>0x2</size>
         <alignment>0x2</alignment>
         <input_file_ref idref="fl-26"/>
      </object_component>
      <object_component id="oc-58">
         <name>.text.ClockP_sysTickHandler</name>
         <load_address>0x2000fccc</load_address>
         <readonly>true</readonly>
         <executable>true</executable>
         <run_address>0x2000fccc</run_address>
         <size>0x48</size>
         <alignment>0x4</alignment>
         <input_file_ref idref="fl-23"/>
      </object_component>
      <object_component id="oc-2d4">
         <name>.text.PRCMIntEnable</name>
         <load_address>0x2000fd14</load_address>
         <readonly>true</readonly>
         <executable>true</executable>
         <run_address>0x2000fd14</run_address>
         <size>0x48</size>
         <alignment>0x2</alignment>
         <input_file_ref idref="fl-2e"/>
      </object_component>
      <object_component id="oc-20b">
         <name>.text.PRCMPeripheralStatusGet</name>
         <load_address>0x2000fd5c</load_address>
         <readonly>true</readonly>
         <executable>true</executable>
         <run_address>0x2000fd5c</run_address>
         <size>0x48</size>
         <alignment>0x2</alignment>
         <input_file_ref idref="fl-2e"/>
      </object_component>
      <object_component id="oc-342">
         <name>.text.PinConfigGet</name>
         <load_address>0x2000fda4</load_address>
         <readonly>true</readonly>
         <executable>true</executable>
         <run_address>0x2000fda4</run_address>
         <size>0x48</size>
         <alignment>0x2</alignment>
         <input_file_ref idref="fl-2d"/>
      </object_component>
      <object_component id="oc-297">
         <name>.text.I2CCC32XX_fillTransmitFifo</name>
         <load_address>0x2000fdec</load_address>
         <readonly>true</readonly>
         <executable>true</executable>
         <run_address>0x2000fdec</run_address>
         <size>0x46</size>
         <alignment>0x2</alignment>
         <input_file_ref idref="fl-17"/>
      </object_component>
      <object_component id="oc-2d9">
         <name>.text.PRCMLPDSEnterKeepDebugIf</name>
         <load_address>0x2000fe32</load_address>
         <readonly>true</readonly>
         <executable>true</executable>
         <run_address>0x2000fe32</run_address>
         <size>0x46</size>
         <alignment>0x2</alignment>
         <input_file_ref idref="fl-2e"/>
      </object_component>
      <object_component id="oc-2ee">
         <name>.text.RingBuf_put</name>
         <load_address>0x2000fe78</load_address>
         <readonly>true</readonly>
         <executable>true</executable>
         <run_address>0x2000fe78</run_address>
         <size>0x46</size>
         <alignment>0x2</alignment>
         <input_file_ref idref="fl-1f"/>
      </object_component>
      <object_component id="oc-17f">
         <name>.text.GPIODirModeSet</name>
         <load_address>0x2000febe</load_address>
         <readonly>true</readonly>
         <executable>true</executable>
         <run_address>0x2000febe</run_address>
         <size>0x44</size>
         <alignment>0x2</alignment>
         <input_file_ref idref="fl-29"/>
      </object_component>
      <object_component id="oc-20e">
         <name>.text.GPIO_disableInt</name>
         <load_address>0x2000ff04</load_address>
         <readonly>true</readonly>
         <executable>true</executable>
         <run_address>0x2000ff04</run_address>
         <size>0x44</size>
         <alignment>0x4</alignment>
         <input_file_ref idref="fl-15"/>
      </object_component>
      <object_component id="oc-f6">
         <name>.text.GPIO_enableInt</name>
         <load_address>0x2000ff48</load_address>
         <readonly>true</readonly>
         <executable>true</executable>
         <run_address>0x2000ff48</run_address>
         <size>0x44</size>
         <alignment>0x4</alignment>
         <input_file_ref idref="fl-15"/>
      </object_component>
      <object_component id="oc-3c9">
         <name>.text.HOSTunlink</name>
         <load_address>0x2000ff8c</load_address>
         <readonly>true</readonly>
         <executable>true</executable>
         <run_address>0x2000ff8c</run_address>
         <size>0x44</size>
         <alignment>0x4</alignment>
         <input_file_ref idref="fl-d2"/>
      </object_component>
      <object_component id="oc-273">
         <name>.text.Power_releaseConstraint</name>
         <load_address>0x2000ffd0</load_address>
         <readonly>true</readonly>
         <executable>true</executable>
         <run_address>0x2000ffd0</run_address>
         <size>0x44</size>
         <alignment>0x4</alignment>
         <input_file_ref idref="fl-18"/>
      </object_component>
      <object_component id="oc-166">
         <name>.text.Timer_start</name>
         <load_address>0x20010014</load_address>
         <readonly>true</readonly>
         <executable>true</executable>
         <run_address>0x20010014</run_address>
         <size>0x44</size>
         <alignment>0x2</alignment>
         <input_file_ref idref="fl-1a"/>
      </object_component>
      <object_component id="oc-7d">
         <name>.text.addToList</name>
         <load_address>0x20010058</load_address>
         <readonly>true</readonly>
         <executable>true</executable>
         <run_address>0x20010058</run_address>
         <size>0x44</size>
         <alignment>0x4</alignment>
         <input_file_ref idref="fl-23"/>
      </object_component>
      <object_component id="oc-ef">
         <name>.text.initTimer</name>
         <load_address>0x2001009c</load_address>
         <readonly>true</readonly>
         <executable>true</executable>
         <run_address>0x2001009c</run_address>
         <size>0x44</size>
         <alignment>0x4</alignment>
         <input_file_ref idref="fl-1"/>
      </object_component>
      <object_component id="oc-119">
         <name>.text.PinModeSet</name>
         <load_address>0x200100e0</load_address>
         <readonly>true</readonly>
         <executable>true</executable>
         <run_address>0x200100e0</run_address>
         <size>0x42</size>
         <alignment>0x2</alignment>
         <input_file_ref idref="fl-2d"/>
      </object_component>
      <object_component id="oc-2a8">
         <name>.text.TimerControlStall</name>
         <load_address>0x20010122</load_address>
         <readonly>true</readonly>
         <executable>true</executable>
         <run_address>0x20010122</run_address>
         <size>0x42</size>
         <alignment>0x2</alignment>
         <input_file_ref idref="fl-31"/>
      </object_component>
      <object_component id="oc-1f9">
         <name>.text.Timer_close</name>
         <load_address>0x20010164</load_address>
         <readonly>true</readonly>
         <executable>true</executable>
         <run_address>0x20010164</run_address>
         <size>0x42</size>
         <alignment>0x2</alignment>
         <input_file_ref idref="fl-1b"/>
      </object_component>
      <object_component id="oc-21e">
         <name>.text.getCountsRTC</name>
         <load_address>0x200101a6</load_address>
         <readonly>true</readonly>
         <executable>true</executable>
         <run_address>0x200101a6</run_address>
         <size>0x42</size>
         <alignment>0x2</alignment>
         <input_file_ref idref="fl-25"/>
      </object_component>
      <object_component id="oc-12d">
         <name>.text.SemaphoreP_post</name>
         <load_address>0x200101e8</load_address>
         <readonly>true</readonly>
         <executable>true</executable>
         <run_address>0x200101e8</run_address>
         <size>0x40</size>
         <alignment>0x4</alignment>
         <input_file_ref idref="fl-22"/>
      </object_component>
      <object_component id="oc-29e">
         <name>.text.Timer_stop</name>
         <load_address>0x20010228</load_address>
         <readonly>true</readonly>
         <executable>true</executable>
         <run_address>0x20010228</run_address>
         <size>0x40</size>
         <alignment>0x2</alignment>
         <input_file_ref idref="fl-1a"/>
      </object_component>
      <object_component id="oc-ed">
         <name>.text.initUART2</name>
         <load_address>0x20010268</load_address>
         <readonly>true</readonly>
         <executable>true</executable>
         <run_address>0x20010268</run_address>
         <size>0x40</size>
         <alignment>0x4</alignment>
         <input_file_ref idref="fl-1"/>
      </object_component>
      <object_component id="oc-2f5">
         <name>.text.uDMAChannelControlSet</name>
         <load_address>0x200102a8</load_address>
         <readonly>true</readonly>
         <executable>true</executable>
         <run_address>0x200102a8</run_address>
         <size>0x40</size>
         <alignment>0x2</alignment>
         <input_file_ref idref="fl-33"/>
      </object_component>
      <object_component id="oc-344">
         <name>.text.PinDirModeSet</name>
         <load_address>0x200102e8</load_address>
         <readonly>true</readonly>
         <executable>true</executable>
         <run_address>0x200102e8</run_address>
         <size>0x3e</size>
         <alignment>0x2</alignment>
         <input_file_ref idref="fl-2d"/>
      </object_component>
      <object_component id="oc-236">
         <name>.text.ClockP_stop</name>
         <load_address>0x20010328</load_address>
         <readonly>true</readonly>
         <executable>true</executable>
         <run_address>0x20010328</run_address>
         <size>0x3c</size>
         <alignment>0x4</alignment>
         <input_file_ref idref="fl-23"/>
      </object_component>
      <object_component id="oc-3b9">
         <name>.text.HOSTclose</name>
         <load_address>0x20010364</load_address>
         <readonly>true</readonly>
         <executable>true</executable>
         <run_address>0x20010364</run_address>
         <size>0x3c</size>
         <alignment>0x4</alignment>
         <input_file_ref idref="fl-cd"/>
      </object_component>
      <object_component id="oc-1c9">
         <name>.text.UDMACC32XX_init</name>
         <load_address>0x200103a0</load_address>
         <readonly>true</readonly>
         <executable>true</executable>
         <run_address>0x200103a0</run_address>
         <size>0x3c</size>
         <alignment>0x4</alignment>
         <input_file_ref idref="fl-20"/>
      </object_component>
      <object_component id="oc-203">
         <name>.text.TimerSupport_timerEnable</name>
         <load_address>0x200103dc</load_address>
         <readonly>true</readonly>
         <executable>true</executable>
         <run_address>0x200103dc</run_address>
         <size>0x3a</size>
         <alignment>0x2</alignment>
         <input_file_ref idref="fl-1b"/>
      </object_component>
      <object_component id="oc-1ac">
         <name>.text.ClockP_destruct</name>
         <load_address>0x20010418</load_address>
         <readonly>true</readonly>
         <executable>true</executable>
         <run_address>0x20010418</run_address>
         <size>0x38</size>
         <alignment>0x4</alignment>
         <input_file_ref idref="fl-23"/>
      </object_component>
      <object_component id="oc-2ad">
         <name>.text.Power_setConstraint</name>
         <load_address>0x20010450</load_address>
         <readonly>true</readonly>
         <executable>true</executable>
         <run_address>0x20010450</run_address>
         <size>0x38</size>
         <alignment>0x4</alignment>
         <input_file_ref idref="fl-18"/>
      </object_component>
      <object_component id="oc-2f2">
         <name>.text.RingBuf_putAdvance</name>
         <load_address>0x20010488</load_address>
         <readonly>true</readonly>
         <executable>true</executable>
         <run_address>0x20010488</run_address>
         <size>0x38</size>
         <alignment>0x2</alignment>
         <input_file_ref idref="fl-1f"/>
      </object_component>
      <object_component id="oc-22f">
         <name>.text.SwiP_restore</name>
         <load_address>0x200104c0</load_address>
         <readonly>true</readonly>
         <executable>true</executable>
         <run_address>0x200104c0</run_address>
         <size>0x38</size>
         <alignment>0x4</alignment>
         <input_file_ref idref="fl-27"/>
      </object_component>
      <object_component id="oc-265">
         <name>.text.UDMACC32XX_close</name>
         <load_address>0x200104f8</load_address>
         <readonly>true</readonly>
         <executable>true</executable>
         <run_address>0x200104f8</run_address>
         <size>0x38</size>
         <alignment>0x4</alignment>
         <input_file_ref idref="fl-20"/>
      </object_component>
      <object_component id="oc-bf">
         <name>.text:__TI_auto_init_nobinit_nopinit</name>
         <load_address>0x20010530</load_address>
         <readonly>true</readonly>
         <executable>true</executable>
         <run_address>0x20010530</run_address>
         <size>0x38</size>
         <alignment>0x4</alignment>
         <input_file_ref idref="fl-54"/>
      </object_component>
      <object_component id="oc-2cf">
         <name>.text.PinLock</name>
         <load_address>0x20010568</load_address>
         <readonly>true</readonly>
         <executable>true</executable>
         <run_address>0x20010568</run_address>
         <size>0x36</size>
         <alignment>0x2</alignment>
         <input_file_ref idref="fl-2d"/>
[...]
         <object_component_ref idref="oc-2cc"/>
      </symbol>
      <symbol id="sm-5a3">
         <name>PRCMSleepEnter</name>
         <value>0x20011799</value>
         <object_component_ref idref="oc-22e"/>
      </symbol>
      <symbol id="sm-5a4">
         <name>PRCMSlowClkCtrFastGet</name>
         <value>0x200108a1</value>
         <object_component_ref idref="oc-2c3"/>
      </symbol>
      <symbol id="sm-5a5">
         <name>PRCMSysResetCauseGet</name>
         <value>0x2000e8a9</value>
         <object_component_ref idref="oc-10a"/>
      </symbol>
      <symbol id="sm-5c3">
         <name>SysTickEnable</name>
         <value>0x20011505</value>
         <object_component_ref idref="oc-22c"/>
      </symbol>
      <symbol id="sm-5c4">
         <name>SysTickIntDisable</name>
         <value>0x20011517</value>
         <object_component_ref idref="oc-223"/>
      </symbol>
      <symbol id="sm-5c5">
         <name>SysTickIntEnable</name>
         <value>0x20011529</value>
         <object_component_ref idref="oc-22d"/>
      </symbol>
      <symbol id="sm-5c6">
         <name>SysTickPeriodSet</name>
         <value>0x200112fb</value>
         <object_component_ref idref="oc-22b"/>
      </symbol>
      <symbol id="sm-605">
         <name>TimerControlStall</name>
         <value>0x20010123</value>
         <object_component_ref idref="oc-2a8"/>
      </symbol>
      <symbol id="sm-606">
         <name>TimerDisable</name>
         <value>0x20010ff9</value>
         <object_component_ref idref="oc-2a1"/>
      </symbol>
      <symbol id="sm-607">
         <name>TimerEnable</name>
         <value>0x200111f7</value>
         <object_component_ref idref="oc-2ae"/>
      </symbol>
      <symbol id="sm-608">
         <name>TimerIntClear</name>
         <value>0x200115e1</value>
         <object_component_ref idref="oc-2ab"/>
      </symbol>
      <symbol id="sm-609">
         <name>TimerIntDisable</name>
         <value>0x20011311</value>
         <object_component_ref idref="oc-363"/>
      </symbol>
      <symbol id="sm-60a">
         <name>TimerIntEnable</name>
         <value>0x20011421</value>
         <object_component_ref idref="oc-2ac"/>
      </symbol>
      <symbol id="sm-60b">
         <name>TimerLoadSet</name>
         <value>0x200108d1</value>
         <object_component_ref idref="oc-2a7"/>
      </symbol>
      <symbol id="sm-60c">
         <name>TimerPrescaleSet</name>
         <value>0x20010901</value>
         <object_component_ref idref="oc-2a6"/>
      </symbol>
      <symbol id="sm-672">
         <name>UARTCharsAvail</name>
         <value>0x20011327</value>
         <object_component_ref idref="oc-271"/>
      </symbol>
      <symbol id="sm-673">
         <name>UARTConfigSetExpClk</name>
         <value>0x2000ec25</value>
         <object_component_ref idref="oc-249"/>
      </symbol>
      <symbol id="sm-674">
         <name>UARTDMADisable</name>
         <value>0x2001133d</value>
         <object_component_ref idref="oc-260"/>
      </symbol>
      <symbol id="sm-675">
         <name>UARTDMAEnable</name>
         <value>0x20011435</value>
         <object_component_ref idref="oc-2f8"/>
      </symbol>
      <symbol id="sm-676">
         <name>UARTDisable</name>
         <value>0x20010a4b</value>
         <object_component_ref idref="oc-262"/>
      </symbol>
      <symbol id="sm-677">
         <name>UARTEnable</name>
         <value>0x20011037</value>
         <object_component_ref idref="oc-24f"/>
      </symbol>
      <symbol id="sm-678">
         <name>UARTFIFOLevelSet</name>
         <value>0x20011353</value>
         <object_component_ref idref="oc-251"/>
      </symbol>
      <symbol id="sm-679">
         <name>UARTFlowControlSet</name>
         <value>0x20011211</value>
         <object_component_ref idref="oc-252"/>
      </symbol>
      <symbol id="sm-67a">
         <name>UARTIntClear</name>
         <value>0x20011601</value>
         <object_component_ref idref="oc-24e"/>
      </symbol>
      <symbol id="sm-67b">
         <name>UARTIntDisable</name>
         <value>0x20011369</value>
         <object_component_ref idref="oc-25f"/>
      </symbol>
      <symbol id="sm-67c">
         <name>UARTIntEnable</name>
         <value>0x20011449</value>
         <object_component_ref idref="oc-250"/>
      </symbol>
      <symbol id="sm-67d">
         <name>UARTIntStatus</name>
         <value>0x20010bff</value>
         <object_component_ref idref="oc-26c"/>
      </symbol>
      <symbol id="sm-67e">
         <name>UARTRxErrorGet</name>
         <value>0x20011611</value>
         <object_component_ref idref="oc-26e"/>
      </symbol>
      <symbol id="sm-6d7">
         <name>uDMAChannelAssign</name>
         <value>0x2000fab9</value>
         <object_component_ref idref="oc-253"/>
      </symbol>
      <symbol id="sm-6d8">
         <name>uDMAChannelAttributeDisable</name>
         <value>0x2000e787</value>
         <object_component_ref idref="oc-254"/>
      </symbol>
      <symbol id="sm-6d9">
         <name>uDMAChannelControlSet</name>
         <value>0x200102a9</value>
         <object_component_ref idref="oc-2f5"/>
      </symbol>
      <symbol id="sm-6da">
         <name>uDMAChannelDisable</name>
         <value>0x20011073</value>
         <object_component_ref idref="oc-2ef"/>
      </symbol>
      <symbol id="sm-6db">
         <name>uDMAChannelEnable</name>
         <value>0x20011091</value>
         <object_component_ref idref="oc-2f7"/>
      </symbol>
      <symbol id="sm-6dc">
         <name>uDMAChannelIsEnabled</name>
         <value>0x200110af</value>
         <object_component_ref idref="oc-26f"/>
      </symbol>
      <symbol id="sm-6dd">
         <name>uDMAChannelSizeGet</name>
         <value>0x2000fc81</value>
         <object_component_ref idref="oc-2f0"/>
      </symbol>
      <symbol id="sm-6de">
         <name>uDMAChannelTransferSet</name>
         <value>0x2000d845</value>
         <object_component_ref idref="oc-2f6"/>
      </symbol>
      <symbol id="sm-6df">
         <name>uDMAControlBaseSet</name>
         <value>0x20011471</value>
         <object_component_ref idref="oc-246"/>
      </symbol>
      <symbol id="sm-6e0">
         <name>uDMAEnable</name>
         <value>0x20011679</value>
         <object_component_ref idref="oc-241"/>
      </symbol>
      <symbol id="sm-6e1">
         <name>uDMAErrorStatusClear</name>
         <value>0x20011687</value>
         <object_component_ref idref="oc-3a7"/>
      </symbol>
      <symbol id="sm-6e2">
         <name>uDMAErrorStatusGet</name>
         <value>0x20011735</value>
         <object_component_ref idref="oc-3a6"/>
      </symbol>
      <symbol id="sm-6e3">
         <name>uDMAIntClear</name>
         <value>0x20011485</value>
         <object_component_ref idref="oc-2f1"/>
      </symbol>
      <symbol id="sm-6ee">
         <name>UtilsDelay</name>
         <value>0x200117a1</value>
         <object_component_ref idref="oc-10b"/>
      </symbol>
      <symbol id="sm-71b">
         <name>FlashDisable</name>
         <value>0x2000f451</value>
         <object_component_ref idref="oc-347"/>
      </symbol>
      <symbol id="sm-72c">
         <name>printf</name>
         <value>0x2000f3f1</value>
         <object_component_ref idref="oc-174"/>
      </symbol>
      <symbol id="sm-742">
         <name>__TI_printfi_minimal</name>
         <value>0x2000cbbd</value>
         <object_component_ref idref="oc-2af"/>
      </symbol>
      <symbol id="sm-74d">
         <name>fputc</name>
         <value>0x2000e9c1</value>
         <object_component_ref idref="oc-2b7"/>
      </symbol>
      <symbol id="sm-75c">
         <name>puts</name>
         <value>0x20010e89</value>
         <object_component_ref idref="oc-144"/>
      </symbol>
      <symbol id="sm-75d">
         <name>fputs</name>
         <value>0x2000d959</value>
         <object_component_ref idref="oc-1dc"/>
      </symbol>
      <symbol id="sm-767">
         <name>__TI_wrt_ok</name>
         <value>0x2000f331</value>
         <object_component_ref idref="oc-276"/>
      </symbol>
      <symbol id="sm-771">
         <name>setvbuf</name>
         <value>0x2000dd09</value>
         <object_component_ref idref="oc-300"/>
      </symbol>
      <symbol id="sm-781">
         <name>abort</name>
         <value>0x20011801</value>
         <object_component_ref idref="oc-b8"/>
      </symbol>
      <symbol id="sm-782">
         <name>C$$EXIT</name>
         <value>0x20011800</value>
         <object_component_ref idref="oc-b8"/>
      </symbol>
      <symbol id="sm-783">
         <name>__TI_cleanup_ptr</name>
         <value>0x20012f98</value>
         <object_component_ref idref="oc-102"/>
      </symbol>
      <symbol id="sm-784">
         <name>__TI_dtors_ptr</name>
         <value>0x20012f9c</value>
         <object_component_ref idref="oc-102"/>
      </symbol>
      <symbol id="sm-785">
         <name>exit</name>
         <value>0x20010961</value>
         <object_component_ref idref="oc-bd"/>
      </symbol>
      <symbol id="sm-78e">
         <name>_nop</name>
         <value>0x2000f003</value>
         <object_component_ref idref="oc-185"/>
      </symbol>
      <symbol id="sm-78f">
         <name>_lock</name>
         <value>0x20012fb4</value>
         <object_component_ref idref="oc-100"/>
      </symbol>
      <symbol id="sm-790">
         <name>_unlock</name>
         <value>0x20012fb8</value>
         <object_component_ref idref="oc-103"/>
      </symbol>
      <symbol id="sm-798">
         <name>_ftable</name>
         <value>0x20012ce0</value>
         <object_component_ref idref="oc-1dd"/>
      </symbol>
      <symbol id="sm-799">
         <name>__TI_ft_end</name>
         <value>0x20012fb0</value>
         <object_component_ref idref="oc-3b2"/>
      </symbol>
      <symbol id="sm-79a">
         <name>__TI_tmpnams</name>
         <value>0x200124c0</value>
         <object_component_ref idref="oc-3ee"/>
      </symbol>
      <symbol id="sm-7a3">
         <name>memccpy</name>
         <value>0x20011055</value>
         <object_component_ref idref="oc-319"/>
      </symbol>
      <symbol id="sm-7c3">
         <name>malloc</name>
         <value>0x200117b1</value>
         <object_component_ref idref="oc-20c"/>
      </symbol>
      <symbol id="sm-7c4">
         <name>aligned_alloc</name>
         <value>0x2000d725</value>
         <object_component_ref idref="oc-2bd"/>
      </symbol>
      <symbol id="sm-7c5">
         <name>free</name>
         <value>0x2000da49</value>
         <object_component_ref idref="oc-1a6"/>
      </symbol>
      <symbol id="sm-7c6">
         <name>_sys_memory</name>
         <value>0x20004040</value>
         <object_component_ref idref="oc-31"/>
      </symbol>
      <symbol id="sm-7c7">
         <name>memalign</name>
         <value>0x2000d725</value>
         <object_component_ref idref="oc-2bd"/>
      </symbol>
      <symbol id="sm-7d2">
         <name>_c_int00_noargs</name>
         <value>0x20010ead</value>
         <object_component_ref idref="oc-76"/>
      </symbol>
      <symbol id="sm-7d3">
         <name>__stack</name>
         <value>0x20003000</value>
         <object_component_ref idref="oc-16"/>
      </symbol>
      <symbol id="sm-7df">
         <name>__TI_auto_init_nobinit_nopinit</name>
         <value>0x20010531</value>
         <object_component_ref idref="oc-bf"/>
      </symbol>
      <symbol id="sm-7e7">
         <name>_system_pre_init</name>
         <value>0x200117f5</value>
         <object_component_ref idref="oc-8b"/>
      </symbol>
      <symbol id="sm-7f2">
         <name>__TI_zero_init</name>
         <value>0x20011631</value>
         <object_component_ref idref="oc-49"/>
      </symbol>
      <symbol id="sm-7fb">
         <name>__TI_decompress_none</name>
         <value>0x200116a3</value>
         <object_component_ref idref="oc-1c"/>
      </symbol>
      <symbol id="sm-805">
         <name>__TI_decompress_lzss</name>
         <value>0x2000ed0d</value>
         <object_component_ref idref="oc-18"/>
      </symbol>
      <symbol id="sm-812">
         <name>__TI_doflush</name>
         <value>0x2000fa69</value>
         <object_component_ref idref="oc-280"/>
      </symbol>
      <symbol id="sm-81d">
         <name>__TI_cleanup</name>
         <value>0x20010741</value>
         <object_component_ref idref="oc-355"/>
      </symbol>
      <symbol id="sm-82a">
         <name>fseek</name>
         <value>0x200117f9</value>
         <object_component_ref idref="oc-2fb"/>
      </symbol>
      <symbol id="sm-82b">
         <name>fseeko</name>
         <value>0x2000f0d5</value>
         <object_component_ref idref="oc-351"/>
      </symbol>
      <symbol id="sm-837">
         <name>__TI_closefile</name>
         <value>0x2000ec99</value>
         <object_component_ref idref="oc-3ac"/>
      </symbol>
      <symbol id="sm-841">
         <name>write</name>
         <value>0x20010b55</value>
         <object_component_ref idref="oc-27c"/>
      </symbol>
      <symbol id="sm-846">
         <name>_device</name>
         <value>0x20012e54</value>
         <object_component_ref idref="oc-35e"/>
      </symbol>
      <symbol id="sm-847">
         <name>_stream</name>
         <value>0x20012ecc</value>
         <object_component_ref idref="oc-306"/>
      </symbol>
      <symbol id="sm-84f">
         <name>remove</name>
         <value>0x200117fd</value>
         <object_component_ref idref="oc-3ea"/>
      </symbol>
      <symbol id="sm-85a">
         <name>lseek</name>
         <value>0x20010afd</value>
         <object_component_ref idref="oc-3a8"/>
      </symbol>
      <symbol id="sm-864">
         <name>close</name>
         <value>0x2000f391</value>
         <object_component_ref idref="oc-3e6"/>
      </symbol>
      <symbol id="sm-86e">
         <name>unlink</name>
         <value>0x20010b29</value>
         <object_component_ref idref="oc-412"/>
      </symbol>
      <symbol id="sm-878">
         <name>HOSTclose</name>
         <value>0x20010365</value>
         <object_component_ref idref="oc-3b9"/>
      </symbol>
      <symbol id="sm-882">
         <name>HOSTlseek</name>
         <value>0x2000f675</value>
         <object_component_ref idref="oc-3c5"/>
      </symbol>
      <symbol id="sm-88c">
         <name>HOSTopen</name>
         <value>0x2000f6cd</value>
         <object_component_ref idref="oc-3b5"/>
      </symbol>
      <symbol id="sm-88d">
         <name>parmbuf</name>
         <value>0x20012750</value>
         <object_component_ref idref="oc-3f8"/>
      </symbol>
      <symbol id="sm-897">
         <name>HOSTread</name>
         <value>0x2000f829</value>
         <object_component_ref idref="oc-3bd"/>
      </symbol>
      <symbol id="sm-8a8">
         <name>HOSTrename</name>
         <value>0x2000f20d</value>
         <object_component_ref idref="oc-3cd"/>
      </symbol>
      <symbol id="sm-8b2">
         <name>HOSTunlink</name>
         <value>0x2000ff8d</value>
         <object_component_ref idref="oc-3c9"/>
      </symbol>
      <symbol id="sm-8bc">
         <name>HOSTwrite</name>
         <value>0x2000f87d</value>
         <object_component_ref idref="oc-3c1"/>
      </symbol>
      <symbol id="sm-8ca">
         <name>C$$IO$$</name>
         <value>0x2001079f</value>
         <object_component_ref idref="oc-3f1"/>
      </symbol>
      <symbol id="sm-8cb">
         <name>__TI_writemsg</name>
         <value>0x20010775</value>
         <object_component_ref idref="oc-3f1"/>
      </symbol>
      <symbol id="sm-8cc">
         <name>__CIOBUF_</name>
         <value>0x200122a4</value>
         <object_component_ref idref="oc-418"/>
      </symbol>
      <symbol id="sm-8cd">
         <name>__TI_readmsg</name>
         <value>0x20010931</value>
         <object_component_ref idref="oc-3f7"/>
      </symbol>
      <symbol id="sm-8ce">
         <name>_CIOBUF_</name>
         <value>0x200122a4</value>
         <object_component_ref idref="oc-418"/>
      </symbol>
      <symbol id="sm-8d4">
         <name>__aeabi_memcpy</name>
         <value>0x200117e9</value>
         <object_component_ref idref="oc-3c"/>
      </symbol>
      <symbol id="sm-8d5">
         <name>__aeabi_memcpy4</name>
         <value>0x200117e9</value>
         <object_component_ref idref="oc-3c"/>
      </symbol>
      <symbol id="sm-8d6">
         <name>__aeabi_memcpy8</name>
         <value>0x200117e9</value>
         <object_component_ref idref="oc-3c"/>
      </symbol>
      <symbol id="sm-8df">
         <name>__aeabi_memset</name>
         <value>0x20011775</value>
         <object_component_ref idref="oc-318"/>
      </symbol>
      <symbol id="sm-8e0">
         <name>__aeabi_memset4</name>
         <value>0x20011775</value>
         <object_component_ref idref="oc-318"/>
      </symbol>
      <symbol id="sm-8e1">
         <name>__aeabi_memset8</name>
         <value>0x20011775</value>
         <object_component_ref idref="oc-318"/>
      </symbol>
      <symbol id="sm-8e2">
         <name>__aeabi_memclr</name>
         <value>0x200117a9</value>
         <object_component_ref idref="oc-67"/>
      </symbol>
      <symbol id="sm-8e3">
         <name>__aeabi_memclr4</name>
         <value>0x200117a9</value>
         <object_component_ref idref="oc-67"/>
      </symbol>
      <symbol id="sm-8e4">
         <name>__aeabi_memclr8</name>
         <value>0x200117a9</value>
         <object_component_ref idref="oc-67"/>
      </symbol>
      <symbol id="sm-8ea">
         <name>__aeabi_uldivmod</name>
         <value>0x2001145d</value>
         <object_component_ref idref="oc-21f"/>
      </symbol>
      <symbol id="sm-8f0">
         <name>__udivmoddi4</name>
         <value>0x2000e279</value>
         <object_component_ref idref="oc-2c4"/>
      </symbol>
      <symbol id="sm-8fb">
         <name>__aeabi_ldiv0</name>
         <value>0x2000eac3</value>
         <object_component_ref idref="oc-33b"/>
      </symbol>
      <symbol id="sm-909">
         <name>finddevice</name>
         <value>0x20010ad1</value>
         <object_component_ref idref="oc-424"/>
      </symbol>
      <symbol id="sm-90a">
         <name>getdevice</name>
         <value>0x2000f13d</value>
         <object_component_ref idref="oc-41b"/>
      </symbol>
      <symbol id="sm-911">
         <name>strcmp</name>
         <value>0x2000c8e9</value>
         <object_component_ref idref="oc-427"/>
      </symbol>
      <symbol id="sm-919">
         <name>TI_memcpy_small</name>
         <value>0x2001154d</value>
         <object_component_ref idref="oc-81"/>
      </symbol>
      <symbol id="sm-921">
         <name>TI_memset_small</name>
         <value>0x20011695</value>
         <object_component_ref idref="oc-9e"/>
      </symbol>
      <symbol id="sm-922">
         <name>__TI_static_base__</name>
         <value>0x20011804</value>
      </symbol>
      <symbol id="sm-925">
         <name>ITM_flush</name>
         <value>0x0</value>
      </symbol>
      <symbol id="sm-926">
         <name>ITM_restore</name>
         <value>0x0</value>
      </symbol>
      <symbol id="sm-927">
         <name>__mpu_init</name>
         <value>0x0</value>
      </symbol>
      <symbol id="sm-928">
         <name>_system_post_cinit</name>
         <value>0x0</value>
      </symbol>
   </symbol_table>
   <title>Link successful</title>
</link_info>
